border_size=1
usage=map

Ch          , Ww          , Ch          , Ww          , Ch          , Ww          , Ch          , Ww          , Ww          , Ww          , Ww          , Ww          , Ww          , Ww          , Ww^Bw|      , Ww          , Ww          , Ww          , Ww          , Ww          , Ww          , Ww          , Ss          , Ss          , Ss          , Ss          , Gs^Fp       , Gs^Fp       , Gs^Fp       , Gs^Fp       , Gs^Fp       , Gs^Fp       , Hh^Fp       , Hh^Fp       , Hh^Fp       , Hh^Fp       , Mm          , Mm          , Mm          , Mm          , Mm          , Mm          , Mm          , Mm          , Mm          , Mm          
Gg          , Ch          , Gg          , Ch          , Gg          , Ch          , Gg          , Ch          , Re^Gvs      , Kh          , Ch          , Ch          , Ch          , Ww          , Rd          , Ww          , Gg          , Ww          , Ss          , Ww          , Gg          , Gg          , Gs^Fmf      , Gg          , Gg^Vc       , Gg          , Gg          , Gs^Fp       , Gs^Fp       , Gs^Fp       , Gs^Fp       , Gs^Fp       , Hh^Fp       , Hh^Fp       , Hh^Fp       , Hh^Fp       , Hh          , Mm          , Hh          , Mm          , Mm          , Mm          , Mm          , Mm          , Mm          , Mm          
Re^Gvs      , Re^Gvs      , Re^Gvs      , Gg          , Ch          , Gg          , Gg^Vh       , Gg          , Re^Gvs      , Re^Gvs      , Gg          , Gg          , Gg          , Ch          , Rd          , Ch          , Ch          , Gg          , Gg          , Gg          , Rd          , Gg          , Gg          , Gg          , Gg          , Gg          , Gs^Fmf      , Gg          , Gg          , Gs^Fmf      , Gs^Fmf      , Gs^Fmf      , Gs^Fmf      , Hh^Fmf      , Hh^Fmf      , Hh^Fp       , Hh          , Hh^Vc       , Gg          , Gg          , Gg          , Mm          , Hh^Vc       , Mm          , Mm          , Mm          
Re^Gvs      , Re^Gvs      , Re^Gvs      , Rp          , Re^Gvs      , Re^Gvs      , Re^Gvs      , Gg          , Gg          , Gg          , Gg          , Gg^Vh       , Gg          , Gg          , Gg          , Rd          , Rd          , Ch          , Rd          , Rd          , Gg          , Rd          , Rd          , Gg          , Gg          , Gg          , Gg          , Gg          , Gg          , Gg          , Gg          , Gs^Fmf      , Gs^Fmf      , Gs^Fmf      , Gg          , Hh^Fmf      , Gg          , Gg          , Gg          , Gg          , Gg          , Gg          , Gs^Fp       , Gg          , Gg          , Gg          
Re^Gvs      , Re^Gvs      , Gg^Vh       , Rp          , Re^Gvs      , Re^Gvs      , Re^Gvs      , Re^Gvs      , Gg          , 3 Gg        , Ww          , Gg          , Gg          , Gg          , Rp          , Rp          , Gg          , Rd          , Rd          , Ch          , Ch          , Gg          , Gg          , Gg          , Gg          , Gg          , Gg          , Gg          , Gg          , Gg          , Gg          , Gg          , Gg          , Gg          , Gg          , Gg          , Gg          , Gg          , Gs^Fp       , Gg          , Gs^Fp       , Gg          , Gg          , Gg          , Gg          , Gg          
Re^Gvs      , Re^Gvs      , Rp          , Rp          , Re^Gvs      , Re^Gvs      , Rp          , Rp          , Ww          , Ww          , Kh          , Ww          , Ww          , Rp          , Rp          , Gg          , Gg          , Ch          , Gg          , Gg          , Gg          , Kh          , Gg          , Gg          , Gg          , Gg          , Gg          , Gg          , Gg          , Gg          , Gs^Fdf      , Gs^Fmf      , Gg          , Gg          , Gs^Fmf      , Gg          , Gs^Fmf      , Gs^Fmf      , Gs^Fmf      , Gs^Fp       , Gs^Fp       , Gg          , Ce          , Ce          , Ce          , Gg          
Re^Gvs      , Re^Gvs      , Rp          , Re^Gvs      , Rp          , Rp          , Ww          , Ww^Bw\      , Rr          , Kh          , Rr          , Kh          , Rr          , Ww^Bw/      , Ww          , Rp          , Rp          , Gg          , Gg          , Gg          , Gg          , Ch          , Gg          , Gg          , Gg          , Gg          , Gg          , Gs^Fmf      , Gs^Fmf      , Gs^Fdf      , Gs^Fdf      , Gs^Fdf      , Gg          , Gs^Fmf      , Hh^Fdf      , Gs^Fdf      , Gs^Fdf      , Gs^Fdf      , Gs^Fdf      , Gs^Fmf      , Gs^Fmf      , Gg          , Ce          , 4 Ke        , Ce          , Gg          
Re^Gvs      , Rp          , Gg          , Rp          , Rp          , Ww          , Kh          , Kh          , Rp^Vhc      , Gs^Fdf      , Kh          , Ggf         , Rp^Vhc      , Kh          , Kh          , Ww          , Rp          , Rp          , Rp          , Ch          , Rp          , Ch          , Gg          , Gg          , Gg          , Gg          , Gg          , Gs^Fmf      , Gg          , Gs^Fdf      , Gg          , Gg^Vc       , Gg          , Gs^Fmf      , Gs^Fmf      , Hh^Fdf      , Hh^Fdf      , Gs^Fdf      , Gs^Fdf      , Gs^Fdf      , Gg          , Gg          , Gg          , Ce          , Gg          , Gg          
Re^Gvs      , Rp          , Gg          , Gg          , Rp          , Ww          , Ww          , Kh          , Rr          , Ggf         , Rr          , Gs^Fdf      , Rr          , Kh          , Ww          , Ww          , Rp          , Rp          , Gg          , Rp          , Ch          , Rp          , Rp          , Rp          , Rp          , Gg          , Gg          , Gg          , Gg          , Gg          , Gg          , Gg          , Gg          , Gg          , Gg          , Gs^Fdf      , Re          , Gs^Fdf      , Re          , Gg          , Gg          , Gg          , Gs^Fmw      , Gg          , Gg          , Gg          
Re^Gvs      , Rp          , Rp          , Gg          , Gg          , Rp          , Rp          , Ww^Bw/      , Ww          , Kh          , Kh          , Kh          , Ww          , Ww^Bw\      , Rp          , Rp          , Gg          , Gg          , Gg          , Kh          , Gg          , Rd          , Rd          , Rd          , Rd          , Rp          , Re          , Gg          , Gg          , Gg          , Gg          , Gg          , Gg          , Gg          , Re          , Re          , Rd          , Rd          , Rd          , Re          , Re          , Gs^Fmw      , Gg          , Gg          , Gs^Fmw      , Gs^Fmw      
Re^Gvs      , Re^Gvs      , Rp          , Gg^Vh       , Gg          , Gg          , Gg          , Rp          , Gg          , Ww          , Ww          , Ww          , Gg          , Rp          , Gg^Vh       , Gg          , Gg          , Gg          , Gg          , Ch          , Gg          , Gg          , Gg          , Rd          , Ch          , Re          , Re          , Re          , Rd          , Gg          , Rd          , Gg          , Re          , Re          , Re          , Re          , Gg          , Rd          , Gg          , Re          , Re          , Re          , Rd          , Gs^Fmw      , Gs^Fmw      , Gs^Fmw      
Re^Gvs      , Re^Gvs      , Rp          , Gg          , Gg          , Gg^Fet      , Gg          , Gg          , Gg^Wm       , Gg          , Gg          , Gg          , Re^Gvs      , Rd          , Rd          , Gg          , Gg          , Gg          , Ch          , Ch          , Gg          , Gg          , Re^Gvs      , Gg          , Gg          , Gg          , Gg          , Rd          , Rd          , Rd          , Re          , Re          , Re          , Re          , Gg          , Gg          , Gg          , Gg          , Gg          , Gg          , Gg          , Re          , Re          , Rd          , Rd          , Gs^Fmw      
Re^Gvs      , Re^Gvs      , Re^Gvs      , Rp          , Ch          , Gg          , Gg          , Re^Gvs      , Re^Gvs      , Re^Gvs      , Re^Gvs      , Re^Gvs      , Re^Gvs      , Re^Gvs      , Re^Gvs      , Rd          , Rd          , Rd          , Rd          , Gg          , Gs^Fdf      , Re^Gvs      , Re^Gvs      , Re^Gvs      , Gg          , Gg          , Gg          , Gg          , Gg          , Re          , Gg          , Re          , Gg          , Gg          , Gg          , Gg          , Gg          , Gg          , Gg          , Gg          , Gg          , Gg          , Gg          , Re          , Re          , Rd          
Re^Gvs      , Re^Gvs      , Re^Gvs      , Rp          , Gg          , Gg          , Re^Gvs      , Re^Gvs      , Re^Gvs      , Re^Gvs      , Gg          , Gg          , Gg          , Re^Gvs      , Rd          , Rd          , 1 Kh        , Ch          , Gg          , Rd          , Rd          , Re^Gvs      , Re^Gvs      , Re^Gvs      , Re^Gvs      , Gg          , Gg          , Gg          , Re^Gvs      , Gg          , Gg          , Gg          , Gg          , Gg          , Gg          , Gg          , Gs^Fp       , Gs^Fp       , Gs^Fp       , Gg          , Gg          , Gg^Vc       , Gg          , Gg          , Gg          , Re          
Re^Gvs      , Re^Gvs      , Re^Gvs      , Rp          , Rp          , Gg          , Gg          , Re^Gvs      , Gg          , Re^Gvs      , Gg          , Ch          , Gg          , Rd          , Gg          , Gg          , Ch          , Gg          , Gs^Fdf      , Re^Gvs      , Re^Gvs      , Rd          , Rd          , Re^Gvs      , Re^Gvs      , Re^Gvs      , Re^Gvs      , Gs^Fdf      , Re^Gvs      , Gs^Fdf      , Gg          , Gg          , Gg          , Gg          , Gg          , Gs^Fp       , Gs^Fmf      , Gs^Fmf      , Gs^Fp       , Gg          , Gg          , Gg          , Gg          , Gg          , Gg          , Gg          
Re^Gvs      , Re^Gvs      , Re^Gvs      , Gg^Vh       , Gg          , Rp          , Rp          , Gg          , Gg          , Gg          , Gg          , Gg          , Gg          , Rd          , Ch          , Ch          , Gg          , Gg          , Re^Gvs      , Re^Gvs      , Re^Gvs      , Re^Gvs      , Re^Gvs      , Rd          , Re          , Re^Gvs      , Re          , Re^Gvs      , Re^Gvs      , Re^Gvs      , Re^Gvs      , Re^Gvs      , Gs^Fdf      , Gg          , Gg          , Gs^Fp       , Gs^Fmf      , Gs^Fmf      , Gs^Fp       , Gg          , Gs          , Gs          , Gs          , Gg          , Gg          , Gg          
Re^Gvs      , Re^Gvs      , Re^Gvs      , Re^Gvs      , Re^Gvs      , Gg          , Gg          , Rp          , Kh          , Gg          , Gg          , Gg          , Ch          , Rd          , Rd          , Gg          , Rd          , Re^Gvs      , Re^Gvs      , Re^Gvs      , Re^Gvs      , Re^Gvs      , Re^Gvs      , Re^Gvs      , Re^Gvs      , Re          , Rd          , Re          , Re          , Re^Gvs      , Re^Gvs      , Re^Gvs      , Gs^Fdf      , Gg          , Gg          , Gs^Fmw      , Gs^Fmw      , Gs^Fmf      , Gs^Fmw      , Gg          , Gg          , Gs          , Gs          , Gg          , Gg          , Gg          
Ch          , Re^Gvs      , Ch          , Re^Gvs      , Ch          , Ch          , Ch          , Rp          , Gg          , Ch          , Ch          , Ch          , Gg          , Gg          , Gg          , Rd          , Re^Gvs      , Rd          , Rd          , Rd          , Rd          , Re^Gvs      , Re^Gvs      , Re^Gvs      , Re^Gvs      , Re^Gvs      , Re^Gvs      , Rd          , Gg^Vh       , Re          , Re^Gvs      , Re^Gvs      , Gs^Fdf      , Gg          , Gg          , Gg          , Gg          , Gg          , Gg          , Gg          , Gg          , Gs          , Gg          , Gg          , Gg          , Gg          
Gg          , Ch          , Gg          , Ch          , Gg          , Gg          , Gg          , Re          , Gg          , Gg          , Gg          , Gg          , Gg          , Gg          , Gg          , Gg          , Gs^Fdf      , Re^Gvs      , Re^Gvs      , Gg^Vh       , Re^Gvs      , Rd          , Rd          , Re^Gvs      , Re^Gvs      , Re^Gvs      , Re^Gvs      , Re^Gvs      , Re^Gvs      , Re^Gvs      , Re^Gvs      , Re^Gvs      , Gg          , Gg          , Gg          , Gg          , Gg          , Gg          , Gg          , Gg^Vc       , Gg          , Gg          , Gg          , Gg          , Gg          , Gg          
Gg          , Gg          , Gg          , Gg          , Gg          , Gg          , Gg          , Re          , Gg          , Gg          , Gg          , Gg          , Gg          , Gg          , Gs^Fdf      , Gg          , Re^Gvs      , Re^Gvs      , Re^Gvs      , Re^Gvs      , Re^Gvs      , Re^Gvs      , Re^Gvs      , Re          , Re          , Re^Gvs      , Re^Gvs      , Re^Gvs      , Re^Gvs      , Re^Gvs      , Re^Gvs      , Gg          , Gg          , Gg          , Gg          , Gg          , Gg          , Gg          , Gg          , Gg          , Gg          , Gg          , Gg          , Gg          , Hh          , Hh          
Gg          , Gg          , Gg          , Gg          , Re^Gvs      , Gg^Vh       , Re^Gvs      , Re          , Gg          , Gg          , Gs          , Gs          , Gs          , Gg          , Gs^Fdf      , Re^Gvs      , Re^Gvs      , Re^Gvs      , Re^Gvs      , Re^Gvs      , Re^Gvs      , Re^Gvs      , Re^Gvs      , Re^Gvs      , Re^Gvs      , Re          , Re^Gvs      , Re^Gvs      , Re^Gvs      , Re^Gvs      , Re^Gvs      , Re^Gvs      , Re^Gvs      , Gs^Fdf      , Re^Gvs      , Gg          , Gg          , Gg          , Gg          , Gg          , Gg          , Gg          , Hh          , Hh          , Hh^Fmf      , Hh          
Gg          , Gg          , Gg          , Gg          , Re^Gvs      , Re^Gvs      , Re^Gvs      , Re          , Re          , Gg          , Gg          , Gs          , Gg          , Gg          , Gg          , Gg          , Gg          , Re^Gvs      , Re^Gvs      , Re^Gvs      , Re^Gvs      , Re^Gvs      , Re^Gvs      , Re^Gvs      , Re^Gvs      , Re^Gvs      , Re^Gvs      , Re^Gvs      , Re^Gvs      , Re^Gvs      , Gg          , Gg          , Gs^Fdf      , Re^Gvs      , Gs^Fdf      , Gs^Fmw      , Gs^Fmf      , Gg          , Gg          , Gg          , Gs^Fp       , Gs^Fp       , Hh^Fp       , Hh^Fmf      , Hh^Fdf      , Hh^Fdf      
Gg          , Gg          , Gg          , Gg          , Re^Gvs      , Re^Gvs      , Re^Gvs      , Re^Gvs      , Re          , Gg          , Gg          , Gg          , Gg          , Gg          , Gg          , Gg          , Gg          , Gs^Fdf      , Gg          , Gs^Fdf      , Gg          , Gg          , Gg          , Re^Gvs      , Re^Gvs      , Re^Gvs      , Re^Gvs      , Re^Gvs      , Gs^Fdf      , Gg          , Gg          , Gg          , Gg          , Re^Gvs      , Gg          , Gs^Fmf      , Gg          , Gg          , Gg          , Gs^Fp       , Gs^Fp       , Gs^Fp       , Gs^Fmf      , Hh^Fmf      , Hh          , Hh^Fdf      
Gg          , Gg          , Gg          , Gg          , Gg          , Re^Gvs      , Re^Gvs      , Re^Gvs      , Gg          , Re          , Re          , Gg          , Gg          , Gg          , Gg          , Gg          , Gg          , Gg          , Gg          , Gg          , Gs^Fdf      , Gg          , Gs^Fdf      , Gg          , Gg          , Gg          , Gg          , Re^Gvs      , Re^Gvs      , Gs^Fdf      , Gg          , Gg          , Gg          , Gg          , Gg          , Gg          , Gg          , Gg          , Gg          , Gs^Fmf      , Gs^Fmf      , Gs^Fp       , Gs^Fmw      , Gs^Fmf      , Hh          , Hh          
Gg          , Gg          , Gg          , Gg          , Gg          , Gg          , Gg          , Gg          , Gg          , Gg          , Re          , Re          , Re          , Gg          , Gg          , Gg          , Gg          , Gg          , Gg          , Gs^Fdf      , Gs^Fmf      , Gs^Fmf      , Gs^Fmf      , Gg          , Gg          , Gg          , Re^Gvs      , Re^Gvs      , Gg          , Gg          , Gg          , Gg          , Gg          , Gg          , Gg          , Gg          , Gg          , Gg          , Gg          , Gs^Fmw      , Gg          , Gs^Fmw      , Gg          , Gg          , Gg          , Hh          
Ww          , Gg          , Gg          , Gg          , Gg          , Gg          , Gg          , Gg          , Gg          , Gg          , Gg          , Re          , Re          , Gg          , Gg          , Gg          , Gg          , Gg          , Gg          , Gs^Fmf      , Gs^Fmf      , Gs^Fmf      , Gs^Fmf      , Gs^Fdf      , Gg          , Gs^Fdf      , Re^Gvs      , Gs^Fdf      , Gg          , Gg          , Gg          , Gg          , Gg          , Gg          , Gs^Fp       , Gs^Fp       , Gs^Fp       , Gg          , Gg          , Gg^Vc       , Gg          , Gg          , Gg          , Gg          , Gg          , Gg          
Ww          , Ww          , Ww          , Ss          , Ss          , Gg          , Ss          , Gg          , Gs^Fmw      , Gg          , Gs^Fdw      , Gg          , Gg          , Re          , Re          , Gg          , Gg          , Gg          , Gg          , Gs^Fp       , Gs^Fp       , Gs^Fmf      , Gs^Fp       , Gs^Fmf      , Gs^Fmf      , Gg          , Gg          , Gg          , Gg          , Gg          , Gg          , Gg          , Gg          , Gs^Fp       , Hh^Fp       , Hh^Fp       , Hh^Fp       , Gs^Fp       , Gg          , Gg          , Gg          , Gg          , Gg          , Gg          , Gg          , Gs^Fmw      
Gg          , Ww          , Ww          , Ww          , Ww          , Ss          , Ss          , Ss          , Ss          , Ss          , Gs^Fmw      , Gg          , Gg          , Ch          , Re          , Gg          , Gg          , Gg          , Gg          , Gg          , Gg          , Gs^Fp       , Gg          , Gs^Fmf      , Gs^Fmf      , Gg          , Gg          , Gg          , Gg          , Gg          , Gs^Fmw      , Gs^Fmw      , Gs^Fmw      , Gs^Fp       , Hh^Fp       , Hh^Fp       , Hh^Fp       , Gs^Fp       , Gg          , Gg          , Gg          , Gg          , Gs^Fmw      , Gg          , Gg          , Ss          
Gg          , Gg          , Gs^Fmw      , Ww          , Ww          , Ww          , Ww          , Ww          , Ww          , Ss          , Ss          , Ss          , Gg          , Gg          , Gg          , Re          , Re          , Re          , Re          , Re          , Re          , Re          , Re          , Gg          , Gg          , Gg          , Gg          , Gg          , Gg          , Gg          , Gs^Fmf      , Gs^Fmf      , Gs^Fp       , Gs^Fp       , Gs^Fp       , Gs^Fp       , Gs^Fp       , Gs^Fp       , Gg          , Gg          , Gg          , Gs^Fmw      , Ss          , Gs^Fmw      , Ss          , Ss          
Gs^Fmf      , Gs^Fdf      , Gs^Fdf      , Gs^Fmw      , Gs^Fmw      , Ss          , Ss          , Ss          , Ss          , Ss          , Gs^Fmw      , Ss          , Ss          , Gg          , Gg          , Gg          , Gg          , Gg          , Gg          , Gg          , Gg          , Gg          , Gg          , Re          , Re          , Re          , Re          , Gg          , Gg          , Gg          , Gs^Fdf      , Gs^Fmf      , Gs^Fmf      , Gs^Fp       , Gs^Fp       , Gs^Fp       , Gs^Fp       , Gs^Fp       , Gg          , Gg          , Ss          , Ss^Vhs      , Ss          , Gs^Fp       , Ss          , Ss          
Gs^Fmf      , Gs^Fdf      , Gs^Fdf      , Gs^Fmw      , Gs^Fmw      , Gs^Fmw      , Gs^Fmw      , Gs^Fmw      , Gs^Fdw      , Gs^Fdw      , Gs^Fmw      , Gs^Fdw      , Gg          , Gg          , Gs          , Gg          , Gg          , Gg          , Gg          , Gg          , Gs^Fp       , Gg          , Gg          , Gg          , Gg          , Gg          , Gg          , Re          , Re          , Gg          , Gs^Fmw      , Gs^Fmf      , Gs^Fmf      , Gs^Fp       , Gs^Fmw      , Gs^Fp       , Gg          , Gg          , Gg          , Ss          , Ss          , Ss          , Ss          , Ss          , Ss          , Ss          
Gs^Fmf      , Gs^Fdf      , Gs^Fdf      , Gs^Fmf      , Gs^Fmf      , Gs^Fmw      , Gg          , Gd          , Gg          , Gs^Fmw      , Gd          , Gd          , Gs          , Gs          , Gs          , Gd          , Gg          , Gg          , Gg          , Gs^Fp       , Gs^Fp       , Gs^Fp       , Gg          , Gg          , Gg          , Gg          , Gg          , Gg          , Gg          , Re          , Re          , Gs^Fmw      , Gs^Fmw      , Gs^Fmf      , Gs^Fp       , Gs^Fmw      , Gg          , Gg          , Gg          , Gs^Fmw      , Ss          , Ss          , Ss          , Ss          , Co          , Ss          
Gs^Fmf      , Gs^Fmf      , Gs^Fdf      , Gs^Fmf      , Gs^Fmf      , Gg          , Gg          , Gg          , Gg          , Gs          , Gg          , Gd          , Gs          , Gs          , Gg          , Gg          , Gg          , Gg          , Gg          , Gg          , Gg          , Gg          , Gg          , Gg          , Gg          , Gg          , Gg          , Gg          , Gg          , Gg          , Gg          , Re          , Re          , Gs^Fmw      , Gs^Fmw      , Gs^Fmw      , Gg          , Gg          , Gs^Fmw      , Gs^Fmw      , Ss          , Ss          , Co          , Co          , Co          , Ss          
Gs^Fmf      , Gs^Fdf      , Gs^Fdf      , Gs^Fdf      , Gs^Fdf      , Gg          , Gg          , Gg          , Gg          , Gg^Vc       , Gg          , Gg          , Gg          , Gg          , Gg          , Gg          , Gg          , Gg          , Gg          , Gg          , Gg          , Gg          , Gg          , Gg          , Gs^Fp       , Gs^Fp       , Gs^Fp       , Gs^Fp       , Gs^Fp       , Gg          , Gg          , Gg          , Gg          , Re          , Re          , Gs^Fmw      , Gs^Fmw      , Gg          , Ss^Vhs      , Gs^Fmw      , Ss          , Ss          , Co          , 2 Ko        , Co          , Ss          
Gs^Fmf      , Gs^Fmf      , Gs^Fmf      , Gs^Fdf      , Gs^Fdf      , Gs^Fdf      , Gg          , Gg          , Gg          , Gg          , Gg          , Gg          , Gg          , Gg          , Gg          , Gg          , Gg          , Gg          , Gg          , Gg          , Gg          , Gg          , Gs^Fp       , Gs^Fp       , Gs^Fp       , Gs^Fp       , Gs^Fp       , Gs^Fp       , Gs^Fp       , Gs^Fp       , Gg          , Gg          , Gg          , Gg          , Re          , Gs^Fmw      , Ss          , Ss          , Ss          , Ss          , Ss          , Ss          , Ss          , Ss          , Ss          , Ss          
