border_size=1
usage=map

Ms          , Ms          , Ms          , Ms          , Ms          , Aa          , Ms          , Ms          , Ms          , Ms          , Ms          , Ms          , Ms          , Ms          , Ms          , Ha          , Ha          , Ha          , Ha          , Ha          , Ha          , Ha          , Aa          , Aa          , Aa          , Aa          , Ha          , Ha          , Ha          , Aa          , Aa          , Ms          , Ms          , Ms          , Ms          , Ms          , Ms          , Aa          , Aa          , Aa          , Aa          , Aa          
Ms          , Ms          , Aa          , Aa          , Aa          , Ms          , Ms          , Ms          , Ms          , Ms          , Ms          , Ms          , Ms          , Ms          , Ms          , Aa          , Aa          , Ha          , Ha          , Ha          , Ha          , Aa          , Aa          , Aa          , Ms          , Aa          , Aa          , Ha          , Aa          , Ha          , Aa          , Aa          , Aa          , Ms          , Ms          , Ms          , Ms          , Ms          , Ms          , Aa          , Aa          , Aa          
Aa          , Ms          , Aa          , Aa          , Ms          , Aa          , Ms          , Ms          , Ms          , Ms          , Ms          , Ms          , Ms          , Ms          , Ms          , Ms          , Ms          , Aa          , Aa          , Aa          , 2 Aa        , Aa          , Ms          , Ms          , Ms          , Ms          , Ms          , Aa          , Aa          , Aa          , Aa          , Aa          , Aa          , Aa          , Ms          , Ms          , Ms          , Ms          , Ms          , Ms          , Ms          , Aa          
Aa          , Aa          , Aa          , Aa          , Aa          , Ms          , Ms          , Ms          , Aa          , Ms          , Aa          , Aa          , Aa          , Ms          , Aa          , Aa          , Aa          , Ms          , Ms          , Ms          , Ms          , Ms          , Ms          , Ms          , Ms          , Ms          , Ms          , Aa          , Aa          , Aa          , Ms          , Ms          , Aa          , Aa          , Aa          , Ms          , Aa          , Ms          , Ms          , Ms          , Aa          , Aa          
Aa          , Aa          , Aa          , Aa          , Aa          , Aa          , Spay        , Aa          , Qxu         , Aa          , Spay        , Spay        , Aa          , Aa          , Aa          , Aa          , Aa          , Ms          , Ms          , Ms          , Aa          , Aa          , Aa          , Aa          , Aa          , Ms          , Ms          , Ms          , Aa          , Aa          , Aa          , Ms          , Aa          , Aa          , Aa          , Aa          , Aa          , Aa          , Aa          , Aa          , Aa          , Aa          
Aa          , Aa          , Aa          , Aa          , Aa          , Aa          , Aa          , Spay        , Spay        , Spay        , Aa          , Aa          , Ms          , Aa          , Aa          , Aa          , Aa          , Aa          , Aa          , Aa          , Aa          , Qxu         , Aa          , Aa          , Aa          , Ms          , Ms          , Ms          , Aa          , Aa          , Aa          , Aa          , Qxu         , Aa          , Aa          , Aa          , Aa          , Aa          , Aa          , Aa          , Aa          , Aa          
Aa          , Aa          , Aa          , Aa          , Ha          , Ha          , Ha          , Spay        , Aa          , Aa          , Ms          , Ms          , Ms          , Aa          , Aa          , Aa          , Aa          , Aa          , Aa          , Aa          , Aa          , Spay        , Aa          , Aa          , Ha          , Ha          , Ha          , Ha          , Ha          , Aa          , Aa          , Aa          , Spay        , Aa          , Aa          , Aa          , Ha          , Ha          , Ha          , Aa          , Ha          , Ha          
Aa          , Aa          , Aa          , Aa          , Aa          , Ha          , Aa          , Spay        , Aa          , Aa          , Aa          , Ms          , Aa          , Aa          , Ha          , Ms          , Ms          , Aa          , Aa          , Aa          , Aa          , Spay        , Aa          , Aa          , Aa          , Aa          , Aa          , Ha          , Aa          , Ha          , Aa          , Aa          , Uyi         , Aa          , Aa          , Ha          , Ha          , Ha          , Ha          , Ha          , Ha          , Ha          
Aa          , Aa          , Aa          , Aa          , Aa          , Aa          , Aa          , Spay        , Uyi         , Uyi^Ayb     , Uyi         , Aa          , Aa          , Ha          , Ha          , Ms          , Ms          , Ms          , Ms          , Aa          , Aa          , Spay        , Spay        , Aa          , Aa          , Aa          , Aa          , Aa          , Ms          , Aa          , Aa          , Aa          , Uyi^Ayb     , Uyi         , Spay        , Ha          , Aa          , Aa          , Aa          , Aa          , Aa          , Aa          
Aa          , Aa          , Aa          , Aa          , Aa          , Aa          , Aa          , Aa          , Aa          , Uyi         , Aa          , Spay        , Spay        , Ha          , Ha          , Aa          , Ms          , Ms          , Aa          , Aa          , Aa          , Aa          , Aa          , Spay        , Spay        , Aa          , Aa          , Ms          , Ms          , Ms          , Aa          , Aa          , Aa          , Uyi         , Spay        , Aa          , Aa          , Aa          , Aa          , Aa          , Aa          , Aa          
Ai          , Ai          , Ai          , Aa          , Aa          , Ms          , Ms          , Aa          , Aa          , Spay        , Aa          , Ha          , Ha          , Spay        , Aa          , Aa          , Aa          , Ms          , Aa          , Aa          , Aa          , Aa          , Aa          , Aa          , Spay        , Aa          , Aa          , Aa          , Ha          , Aa          , Aa          , Aa          , Aa          , Aa          , Spay        , Aa          , Aa          , Aa          , Aa          , Aa          , Aa          , Aa          
Aa          , Ai          , Ai          , Ai          , Aa          , Ms          , Ms          , Ms          , Aa          , Spay        , Aa          , Aa          , Aa          , Spay        , Spay        , Aa          , Aa          , Aa          , Aa          , Aa          , Aa          , Aa          , Aa          , Aa          , Spay        , Aa          , Aa          , Ha          , Ha          , Ha          , Aa          , Aa          , Aa          , Aa          , Spay        , Aa          , Aa          , Aa          , Aa          , Aa          , Aa          , Aa          
Gg          , Aa          , Ai          , Ai          , Ai          , Aa          , Aa          , Aa          , Aa          , Spay        , Spay        , Aa          , Aa          , Aa          , Aa          , Spay        , Spay        , Aa          , Aa          , Aa          , Aa          , Aa          , Aa          , Aa          , Spay        , Aa          , Aa          , Aa          , Aa          , Aa          , Aa          , Aa          , Ha          , Aa          , Spay        , Aa          , Aa          , Aa          , Aa          , Aa          , Aa          , Aa          
Gg          , Aa          , Aa          , Ai          , Ai          , Aa          , Aa          , Aa          , Aa          , Aa          , Spay        , Aa          , Aa          , Aa          , Aa          , Aa          , Aa          , Spay        , Aa          , Aa          , Aa          , Aa          , Aa          , Aa          , Spay        , Aa          , Aa          , Aa          , Aa          , Aa          , Aa          , Aa          , Ha          , Ha          , Spay        , Aa          , Aa          , Aa          , Aa          , Aa          , Aa          , Gg          
Gg          , Gg          , Gg          , Aa          , Aa          , Ha          , Ha          , Ha          , Ha          , Aa          , Spay        , Aa          , Aa          , Aa          , Aa          , Aa          , Aa          , Spay        , Spay        , Ha          , Uyi         , Uyi^Ayb     , Uyi         , Spay        , Aa          , Aa          , Aa          , Aa          , Aa          , Aa          , Ha          , Ha          , Ha          , Ha          , Spay        , Aa          , Aa          , Aa          , Aa          , Aa          , Gg          , Gg          
Gg          , Gg          , Gg          , Aa          , Aa          , Aa          , Ha          , Aa          , Ha          , Ha          , Aa          , Spay        , Aa          , Aa          , Aa          , Aa          , Aa          , Aa          , Aa          , Spay        , Spay        , Uyi         , Ha          , Ha          , Ha          , Ha          , Ha          , Ha          , Aa          , Aa          , Aa          , Aa          , Aa          , Aa          , Spay        , Aa          , Aa          , Aa          , Aa          , Aa          , Gg          , Gg          
Gg          , Gg          , Gg          , Gg          , Aa          , Aa          , Aa          , Ha          , Ha          , Ha          , Aa          , Spay        , Aa          , Aa          , Aa          , Aa          , Aa          , Aa          , Aa          , Aa          , Aa          , Spay        , Spay        , Ha          , Aa          , Ha          , Aa          , Ha          , Ha          , Aa          , Aa          , Aa          , Aa          , Spay        , Aa          , Aa          , Aa          , Aa          , Aa          , Aa          , Gg          , Gg          
Gg          , Gg          , Gg          , Gg          , Aa          , Aa          , Aa          , Aa          , Aa          , Aa          , Aa          , Spay        , Spay        , Aa          , Aa          , Aa          , Aa          , Aa          , Aa          , Aa          , Aa          , Aa          , Aa          , Spay        , Spay        , Aa          , Aa          , Aa          , Aa          , Aa          , Aa          , Aa          , Aa          , Spay        , Aa          , Aa          , Aa          , Aa          , Aa          , Gg          , Gg          , Gg          
Gg          , Gg          , Gg          , Gg          , Gg          , Aa          , Aa          , Aa          , Aa          , Aa          , Aa          , Aa          , Spay        , Aa          , Aa          , Aa          , Aa          , Aa          , Ha          , Aa          , Aa          , Aa          , Aa          , Aa          , Aa          , Spay        , Aa          , Aa          , Aa          , Aa          , Aa          , Aa          , Spay        , Spay        , Aa          , Aa          , Aa          , Aa          , Aa          , Gg          , Gg          , Gg          
Gg          , Gg          , Gg          , Gg          , Gg          , Aa          , Aa          , Aa          , Aa          , Aa          , Aa          , Aa          , Spay        , Aa          , Aa          , Aa          , Aa          , Ha          , Ha          , Ha          , Ha          , Aa          , Aa          , Aa          , Aa          , Spay        , Aa          , Aa          , Aa          , Aa          , Spay        , Spay        , Aa          , Aa          , Aa          , Aa          , Aa          , Aa          , Aa          , Gg          , Gg          , Gg          
Gg          , Gg          , Gg          , Gg          , Gg          , Aa          , Aa          , Aa          , Aa          , Aa          , Aa          , Aa          , Aa          , Spay        , Aa          , Aa          , Aa          , Ha          , Ha          , Ha          , Ha          , Aa          , Aa          , Aa          , Aa          , Uyi         , Uyi^Ayb     , Aa          , Spay        , Spay        , Aa          , Aa          , Aa          , Aa          , Aa          , Aa          , Aa          , Aa          , Aa          , Gg          , Gg          , Gg          
Gg          , Gg          , Gg          , Gg          , Gg          , Gg          , Aa          , Aa          , Aa          , Aa          , Aa          , Aa          , Aa          , Spay        , Aa          , Aa          , Aa          , Aa          , Aa          , Ha          , Aa          , Aa          , Aa          , Aa          , Aa          , Uyi         , Uyi         , Uyi         , Aa          , Aa          , Aa          , Aa          , Aa          , Aa          , Aa          , Aa          , Aa          , Aa          , Gg          , Gg          , Gg          , Gg          
Hh          , Gg          , Gg          , Gg          , Gg          , Gg          , Aa          , Aa          , Aa          , Aa          , Aa          , Aa          , Aa          , Spay        , Spay        , Aa          , Aa          , Aa          , Aa          , Aa          , Aa          , Aa          , Aa          , Aa          , Spay        , Spay        , Aa          , Aa          , Aa          , Aa          , Aa          , Aa          , Aa          , Aa          , Aa          , Aa          , Aa          , Aa          , Gg          , Gg          , Gg          , Gg          
Hh          , Hh          , Gg          , Gg          , Gg          , Gg          , Aa          , Aa          , Aa          , Aa          , Aa          , Aa          , Aa          , Aa          , Spay        , Aa          , Aa          , Aa          , Aa          , Aa          , Aa          , Aa          , Spay        , Spay        , Aa          , Aa          , Aa          , Aa          , Aa          , Aa          , Ha          , Aa          , Ha          , Aa          , Aa          , Aa          , Aa          , Aa          , Gg          , Gg          , Gg          , Gg          
Hh          , Hh          , Gg          , Gg          , Gg          , Gg          , Aa          , Aa          , Aa          , Aa          , Aa          , Aa          , Aa          , Aa          , Spay        , Aa          , Aa          , Aa          , Aa          , Aa          , Spay        , Spay        , Aa          , Aa          , Aa          , Aa          , Aa          , Aa          , Aa          , Ha          , Aa          , Ha          , Aa          , Aa          , Aa          , Aa          , Aa          , Gg          , Gg          , Gg          , Gg          , Gg          
Hh          , Hh          , Gg          , Gg          , Gg          , Gg          , Aa          , Aa          , Aa          , Aa          , Aa          , Aa          , Aa          , Aa          , Ha          , Spay        , Uyi         , Uyi^Ayb     , Uyi         , Spay        , Aa          , Aa          , Aa          , Aa          , Aa          , Aa          , Aa          , Aa          , Aa          , Aa          , Aa          , Aa          , Aa          , Aa          , Aa          , Aa          , Aa          , Gg          , Gg          , Gg          , Gg          , Gg          
Hh          , Gg          , Gg          , Gg          , Gg          , Gg          , Aa          , Aa          , Aa          , Aa          , Aa          , Aa          , Aa          , Ha          , Ha          , Ha          , Spay        , Uyi         , Aa          , Aa          , Aa          , Aa          , Aa          , Aa          , Ha          , Aa          , Ha          , Ha          , Ha          , Ha          , Ha          , Ha          , Ha          , Ha          , Aa          , Aa          , Aa          , Gg          , Gg          , Gg          , Gg          , Gg          
Gg          , Gg          , Gg          , Gg          , Gg          , Gg          , Aa          , Aa          , Aa          , Aa          , Aa          , Aa          , Aa          , Ha          , Ha          , Ha          , Aa          , Spay        , Spay        , Aa          , Aa          , Aa          , Aa          , Ha          , Ha          , Ha          , Ha          , Ha          , Ha          , Ha          , Ha          , Ha          , Aa          , Aa          , Ai          , Aa          , Aa          , Gg          , Gg          , Gg          , Gg          , Gg          
Gg          , Gg          , Gg          , Gg          , Gg          , Gg          , Aa          , Aa          , Ai          , Ai          , Ai          , Aa          , Aa          , Aa          , Aa          , Aa          , Aa          , Aa          , Spay        , Spay        , Spay        , Aa          , Aa          , Aa          , Aa          , Aa          , Aa          , Aa          , Aa          , Ha          , Aa          , Aa          , Ai          , Ai          , Aa          , Aa          , Aa          , Gg          , Gg          , Gg          , Gg          , Gg          
Gg          , Gg          , Gs^Fp       , Gg          , Gg          , Gg          , Gg          , Ai          , Ai          , Ai          , Ai          , Aa          , Aa          , Aa          , Aa          , Aa          , Aa          , Aa          , Spay        , Aa          , Aa          , Spay        , Aa          , Aa          , Aa          , Aa          , Aa          , Aa          , Aa          , Aa          , Aa          , Aa          , Aa          , Ai          , Ai          , Aa          , Ai          , Gg          , Gg          , Gg          , Gg          , Gg          
Hh^Fmw      , Hh^Fmw      , Gs^Fp       , Gs^Fp       , Gg          , Gg          , Gg          , Ai          , Aa          , Ai          , Aa          , Aa          , Aa          , Aa          , Aa          , Aa          , Ha          , Aa          , Spay        , Aa          , Aa          , Spay        , Spay        , Aa          , Aa          , Aa          , Aa          , Aa          , Aa          , Aa          , Aa          , Aa          , Aa          , Aa          , Aa          , Ai          , Gg          , Gg          , Gg          , Gg          , Gg          , Gg          
Hh          , Hh^Fmw      , Gg          , Gg          , Gg          , Gg          , Gg          , Aa          , Aa          , Aa          , Aa          , Aa          , Aa          , Aa          , Aa          , Ha          , Ha          , Ha          , Spay        , Aa          , Aa          , Aa          , Aa          , Spay        , Spay        , Aa          , Aa          , Aa          , Aa          , Aa          , Aa          , Aa          , Aa          , Aa          , Aa          , Aa          , Gg          , Gg          , Gg          , Gg          , Gg          , Gg          
Hh          , Gg          , Gg          , Gg          , Gg          , Gg          , Gg          , Aa          , Aa          , Aa          , Aa          , Aa          , Aa          , Aa          , Aa          , Aa          , Aa          , Aa          , Spay        , Aa          , Aa          , Aa          , Aa          , Aa          , Spay        , Aa          , Aa          , Aa          , Aa          , Aa          , Aa          , Aa          , Aa          , Aa          , Aa          , Aa          , Gg          , Gg          , Gg          , Gg          , Gg          , Gg          
Hh          , Hh          , Gg          , Gg          , Gg          , Gg          , Gg          , Gg          , Aa          , Aa          , Aa          , Aa          , Aa          , Aa          , Aa          , Aa          , Aa          , Spay        , Ai          , Aa          , Ai          , Ai          , Aa          , Aa          , Ha          , Spay        , Spay        , Aa          , Aa          , Aa          , Aa          , Aa          , Aa          , Aa          , Aa          , Aa          , Gg          , Gg          , Gg          , Gg          , Gg          , Gg          
Hh          , Hh          , Gg          , Gg          , Gg          , Gg          , Gg          , Gg          , Aa          , Aa          , Aa          , Aa          , Aa          , Aa          , Aa          , Aa          , Aa          , Spay        , Ai          , Ai          , Ai          , Ai          , Aa          , Ha          , Ha          , Ha          , Spay        , Aa          , Aa          , Aa          , Aa          , Aa          , Aa          , Aa          , Aa          , Gg          , Gg          , Gg          , Gg          , Gg          , Gg          , Gg          
Gg          , Gg          , Gg          , Gg          , Gg          , Gg          , Gg          , Gg          , Gg          , Aa          , Aa          , Aa          , Aa          , Aa          , Aa          , Ha          , Ha          , Spay        , Aa          , Aa          , Aa          , Aa          , Aa          , Ha          , Spay        , Spay        , Aa          , Aa          , Aa          , Aa          , Aa          , Aa          , Aa          , Aa          , Gg          , Gg          , Gg          , Gg          , Gg          , Gg          , Gg          , Gg          
Gg          , Gg          , Gg          , Gg          , Gg          , Gg          , Gg          , Gg          , Gg          , Aa          , Aa          , Aa          , Aa          , Aa          , Aa          , Ha          , Aa          , Spay        , Aa          , Aa          , Aa          , Aa          , Spay        , Spay        , Aa          , Aa          , Aa          , Aa          , Aa          , Aa          , Aa          , Aa          , Aa          , Aa          , Gg          , Gg          , Gg          , Gg          , Gs^Fp       , Gg          , Gg          , Gg          
Gg          , Gg          , Gg          , Gg          , Gg          , Gg          , Gg          , Gg          , Gg          , Aa          , Aa          , Aa          , Aa          , Aa          , Aa          , Aa          , Aa          , Spay        , Uyi         , Uyi^Ayb     , Uyi         , Spay        , Aa          , Aa          , Aa          , Aa          , Aa          , Aa          , Aa          , Aa          , Aa          , Aa          , Aa          , Gg          , Gg          , Gg          , Gg          , Gg          , Gs^Fp       , Gs^Fp       , Gg          , Gg          
Gg          , Gg          , Gg          , Gg          , Gg          , Gg          , Gg          , Gg          , Gg          , Aa          , Aa          , Aa          , Aa          , Aa          , Ha          , Aa          , Aa          , Aa          , Spay        , Spay        , Aa          , Aa          , Aa          , Aa          , Aa          , Aa          , Aa          , Aa          , Aa          , Aa          , Aa          , Aa          , Aa          , Gg          , Gg          , Gg          , Gg          , Gg          , Gg          , Gg          , Gg          , Gg          
Re^Gvs      , Gg          , Re^Gvs      , Gg          , Gg          , Gg          , Gg          , Gg          , Gg          , Aa          , Ai          , Ai          , Ai          , Aa          , Ha          , Aa          , Aa          , Aa          , Spay        , Ha          , Aa          , Aa          , Aa          , Ai          , Ai          , Aa          , Aa          , Aa          , Aa          , Aa          , Aa          , Aa          , Gg          , Gg          , Gg          , Gg          , Gg          , Gg          , Gg          , Gg          , Gg          , Gg          
Re^Gvs      , Re^Gvs      , Re^Gvs      , Re^Gvs      , Re^Gvs      , Gg          , Gg          , Gg          , Gg          , Aa          , Aa          , Ai          , Ai          , Ai          , Aa          , Aa          , Spay        , Spay        , Spay        , Ha          , Aa          , Aa          , Aa          , Ai          , Ai          , Ai          , Aa          , Aa          , Aa          , Aa          , Aa          , Aa          , Gg          , Gg          , Gg          , Gg          , Gg          , Gg          , Gg          , Gg          , Gg          , Gg          
Gs^Fp       , Re^Gvs      , Re^Gvs      , Re^Gvs      , Re^Gvs      , Re^Gvs      , Re^Gvs      , Gg          , Gg          , Gg          , Aa          , Ai          , Aa          , Aa          , Spay        , Spay        , Aa          , Aa          , Aa          , Spay        , Spay        , Spay        , Spay        , Aa          , Aa          , Aa          , Aa          , Aa          , Aa          , Aa          , Gg          , Gg          , Gg          , Gg          , Gg          , Gg          , Gg          , Gg          , Gg          , Gg          , Gg          , Gg          
Gs^Fmf      , Gs^Fp       , Gg          , Re^Gvs      , Re^Gvs      , Re^Gvs      , Re^Gvs      , Gg          , Gg          , Gg          , Gg          , Aa          , Aa          , Spay        , Aa          , Ha          , Ha          , Aa          , Aa          , Spay        , Aa          , Aa          , Aa          , Spay        , Spay        , Aa          , Aa          , Aa          , Gg          , Gg          , Gg          , Gg          , Gg          , Gg          , Gg          , Gg          , Gg          , Gg          , Re^Gvs      , Gg          , Gs^Fp       , Gg          
Gs^Fmf      , Gs^Fmf      , Gg          , Gg^Vh       , Gg          , Re^Gvs      , Gg          , Gg          , Gg          , Gg          , Gg          , Gg          , Gg          , Gg          , Gg          , Ha          , Aa          , Aa          , Aa          , Spay        , Aa          , Aa          , Aa          , Aa          , Ce          , Ce          , Ce          , Gg          , Gg          , Gg          , Gg          , Gg          , Gg          , Gg          , Gg          , Gg          , Gg          , Gg          , Re^Gvs      , Re^Gvs      , Gs^Vht      , Gg          
Gs^Fmf      , Gs^Fmf      , Gs^Fdf      , Gg          , Gs^Fp       , Gg          , Gg          , Gg          , Gg          , Gg          , Gg          , Gg          , Ce          , Ce          , Ce          , Gg          , Gg          , Gg          , Gg          , Gg          , Gg          , Gg          , Gg          , Gg          , Ce          , 3 Ke        , Ce          , Gg          , Re^Vct      , Gg          , Gg          , Gg          , Gg          , Gg          , Gg          , Gg          , Re^Gvs      , Re^Gvs      , Re^Gvs      , Re^Gvs      , Re^Gvs      , Gg          
Gs^Fmf      , Gs^Fmf      , Gs^Fdf      , Gs^Fmf      , Gs^Fmf      , Gs^Fp       , Gs^Fp       , Gg          , Gg          , Gg          , Gg          , Gg          , Ce          , 1 Ke        , Ce          , Ce          , Gg          , Re^Vct      , Gg          , Gg          , Gg          , Gg          , Gg          , Gg          , Gg          , Ce          , Gg          , Gg          , Gg          , Gg          , Gg          , Gg          , Gg          , Gg          , Gg          , Gg          , Re^Gvs      , Re^Gvs      , Re^Gvs      , Re^Gvs      , Gs^Fp       , Gs^Fp       
Gs^Fdf      , Gs^Fdf      , Gs^Fdf      , Gs^Fdf      , Gs^Fmf      , Gs^Fmf      , Gs^Fp       , Gg          , Gg          , Gg          , Gg          , Gg          , Gg          , Gg          , Gg          , Gg          , Gg          , Gg          , Gg          , Gg          , Gg          , Gg          , Gg          , Gg          , Gg          , Gg          , Gg          , Gg          , Gg          , Gg          , Gg          , Gg          , Gg          , Gg          , Gg          , Re^Gvs      , Re^Gvs      , Re^Gvs      , Re^Gvs      , Re^Gvs      , Re^Gvs      , Gs^Fp       
