border_size=1
usage=map

Qxua        , Qxua        , Qxua        , Qxua        , Qxua        , Qxua        , Qxua        , Qxua        , Qxua        , Qxua        , Qxua        , Qxua        , Qxua        , Qxua        , Qxua        , Qxua        , Qxua        , Qxua        , Qxua        , Qxua        , Qxua        , Qxua        , Qxua        , Qxua        , Qxua        , Qxua        , Qxua        , Qxua        , Qxua        , Qxua        , Qxua        , Qxua        , Qxua        , Qxua        , Qxua        , Qxua        , Qxua        
Qxua        , Qxua        , Qxua        , Qxua        , Qxua        , Qxua        , Qxua        , Qxua        , Qxua        , Qxua        , Qxua        , Qxua        , Qxua        , Qxua        , Qxua        , Qxua        , Qxua        , Qxua        , Qxua        , Qxua        , Qxua        , Qxua        , Qxua        , Qxua        , Qxua        , Qxua        , Qxua        , Qxua        , Qxua        , Qxua        , Qxua        , Qxua        , Qxua        , Qxua        , Qxua        , Qxua        , Qxua        
Qxua        , Qxua        , Qxua        , Qxua        , Qxua        , Qxua        , Qxua        , Qxua        , Qxua        , Qxua        , Qxua        , Qxua        , Qxua        , Qxua        , Qxua        , Qxua        , Qxua        , Qxua        , Qxua        , Qxua        , Qxua        , Qxua        , Qxua        , Qxua        , Qxua        , Qxua        , Qxua        , Qxua        , Qxua        , Qxua        , Qxua        , Qxua        , Qxua        , Qxua        , Qxua        , Qxua        , Qxua        
Qxua        , Qxua        , Qxua        , Qxua        , Qxua        , Qxua        , Qxua        , Qxua        , Qxua        , Qxua        , Qxua        , Qxua        , Qxua        , Qxua        , Qxua        , Qxua        , Qxua        , Qxua        , Qxua        , Qxua        , Qxua        , Qxua        , Qxua        , Qxua        , Qxua        , Qxua        , Qxua        , Qxua        , Qxua        , Qxua        , Qxua        , Qxua        , Qxua        , Qxua        , Qxua        , Qxua        , Qxua        
Qxua        , Qxua        , Qxua        , Qxua        , Qxua        , Qxua        , Qxua        , Qxua        , Qxua        , Qxua        , Qxua        , Qxua        , Qxua        , Qxua        , Qxua        , Qxua        , Qxua        , Qxua        , Qxua        , Qxua        , Qxua        , Qxua        , Qxua        , Qxua        , Qxua        , Qxua        , Qxua        , Qxua        , Qxua        , Qxua        , Qxua        , Qxua        , Qxua        , Qxua        , Qxua        , Qxua        , Qxua        
Qxua        , Qxua        , Qxua        , Qxua        , Qxua        , Qxua        , Qxua        , Qxua        , Qxua        , Qxua        , Qxua        , Qxua        , Qxua        , Qxua        , Qxua        , Qxua        , Qxua        , Qxua        , Qxua        , Qxua        , Qxua        , Qxua        , Qxua        , Qxua        , Qxua        , Qxua        , Qxua        , Qxua        , Qxua        , Qxua        , Qxua        , Qxua        , Qxua        , Qxua        , Qxua        , Qxua        , Qxua        
Qxua        , Qxua        , Qxua        , Qxua        , Qxua        , Qxua        , Qxua        , Qxua        , Qxua        , Qxua        , Rd          , Qxua^Esd    , Tmmy        , Qxua^Esd    , Rd          , Qxua        , Qxua        , Qxua        , Qxua        , Qxua        , Qxua        , Qxua        , Qxua        , Qxua        , Qxua        , Qxua        , Qxua        , Qxua        , Qxua        , Qxua        , Qxua        , Qxua        , Qxua        , Qxua        , Qxua        , Qxua        , Qxua        
Qxua        , Qxua        , Qxua        , Qxua        , Qxua        , Qxua        , Qxua        , Qxua        , Qxua        , Qxua        , Rd          , Rd          , Rd          , Rd          , Rd          , Rd          , Qxua        , Qxua        , Qxua        , Qxua        , Qxua        , Qxua        , Qxua        , Qxua        , Qxua        , Qxua        , Qxua        , Qxua        , Qxua        , Qxua        , Qxua        , Qxua        , Qxua        , Qxua        , Qxua        , Qxua        , Qxua        
Qxua        , Qxua        , Qxua        , Qxua        , Qxua        , Qxua        , Qxua        , Qxua        , Qxua        , Qxua        , Rd          , Rd          , Rd          , Rd          , Rd          , Rd          , Qxua        , Qxua        , Qxua        , Qxua        , Qxua        , Qxua        , Qxua        , Qxua        , Qxua        , Qxua        , Qxua        , Qxua        , Qxua        , Qxua        , Qxua        , Qxua        , Qxua        , Qxua        , Qxua        , Qxua        , Qxua        
Qxua        , Qxua        , Qxua        , Qxua        , Qxua        , Qxua        , Qxua        , Qxua        , Qxua        , Qxua        , Rd          , Rd          , Rd          , Rd          , Rd          , Rd          , Qxua        , Qxua        , Qxua        , Qxua        , Qxua        , Qxua        , Qxua        , Qxua        , Qxua        , Qxua        , Dd          , Rd          , Rd          , Rd          , Rd          , Qxua        , Rd          , Qxua        , Qxua        , Qxua        , Qxua        
Qxua        , Qxua        , Qxua        , Qxua        , Qxua        , Qxua        , Qxua        , Qxua        , Qxua        , Qxua        , Rd          , Rd          , Rd          , Rd          , Rd          , Rd          , Ds^Es       , Qxua        , Qxua        , Qxua        , Qxua        , Qxua        , Rd          , Rd          , Dd          , Rd          , Dd          , Dd          , Dd          , Dd          , Dd^Edpp     , Dd          , Dd          , Rd          , Rd          , Qxua        , Qxua        
Qxua        , Qxua        , Qxua        , Qxua        , Qxua        , Qxua        , Qxua        , Qxua        , Ds          , Ds^Es       , Ds          , Ds          , Rd          , Rd          , Ds          , Ds          , Ds          , Ds          , Qxua        , Qxua        , Qxua        , Dd          , Dd          , Dd          , Dd          , Dd          , Hd          , Dd          , Dd          , Dd          , Dd          , Dd^Edpp     , Dd          , Rd          , Rd          , Rd          , Rd          
Qxua        , Qxua        , Qxua        , Qxua        , Qxua        , Qxua        , Qxua        , Dd          , Dd          , Ds          , Dd^Esd      , Ds^Lyr\     , Rd          , Rd          , Ds^Lyl/     , Dd          , Dd          , Ds          , Qxua        , Qxua        , Qxua        , Qxua        , Dd          , Dd          , Dd          , Hd          , Hd          , Hd          , Dd          , Dd          , Hd          , Dd          , Md          , Md          , Md          , Rd          , Rd          
Qxua        , Qxua        , Md          , Md          , Md          , Md          , Md          , Dd          , Dd^Dr       , Ds          , Dd          , Dd^Lyr|     , Rd          , Ds^Lyl|     , Ds          , Hd          , Dd          , Ds          , Ds          , Qxua        , Qxua        , Qxua        , Qxua        , Rd          , Rd          , Dd          , Dd          , Dd          , Dd^Edpp     , Dd          , Dd          , Hd          , Hd          , Md          , Md          , Rd          , Rd          
Qxua        , Qxua        , Md          , Md          , Md          , Md          , Md          , Dd          , Ds          , Dd          , Cay         , Dd^Lyr|     , Rd          , Dd^Lyl|     , Cay         , Dd          , Dd^Es       , Ds          , Dd          , Dd          , Dd          , Qxua        , Qxua        , Qxua        , Qxua        , Dd          , Dd          , Dd          , Dd          , Dd          , Dd          , Hd          , Hd          , Hd          , Hd          , Rd          , Rd          
Qxua        , Qxua        , Dd          , Md          , Md          , Md          , Md          , Ds          , Ds          , Ds          , Dd          , Dd^Lyr|     , Rd^Lyr/     , Dd^Lyl|     , Dd          , Dd          , Dd          , Dd          , Hd          , Dd          , Md          , Md          , Md          , Qxua        , Qxua        , Qxua        , Kdr         , Dd          , Dd          , Dd          , Dd          , Dd          , Dd          , Dd          , Rd          , Rd          , Rd          
Qxua        , Qxua        , Qxua        , Dd          , Dd          , Md          , Dd          , Dd          , Dd^Es       , Hd          , Dd          , Rd^Lyr|     , Rd^Lyr|     , Rd          , Dd          , Dd          , Dd^Es       , Hd          , Hd          , Hd          , Md          , Md          , Md          , Qxua        , Qxua        , Qxua        , Qxua        , Rd          , Rd          , Rd          , Rd          , Qxua        , Dd          , Dd          , Qxua        , Rd          , Qxua        
Qxua        , Qxua        , Qxua        , Dd          , Dd          , Dd          , Dd          , Dd          , Dd          , Dd          , Dd          , Rd^Lyr\     , Rd^Lyd|     , Rd          , Dd          , Dd          , Dd          , Rd          , Dd          , Dd          , Dd          , Md          , Dd          , Qxua        , Qxua        , Qxua        , Qxua        , Rd          , Qxua        , Rd          , Qxua        , Qxua        , Qxua        , Dd          , Qxua        , Qxua        , Qxua        
Qxua        , Qxua        , Dd          , Dd          , Md          , Dd          , Hd          , Hd          , Hd          , Dd          , Dd          , Dd          , Rd^Lyd|     , Dd          , Dd          , Dd^Dr       , Dd          , Rd          , Rd          , Rd          , Rd          , Rd          , Dd          , Dd          , Dd          , Qxua        , Qxua        , Qxua        , Qxua        , Qxua        , Qxua        , Qxua        , Qxua        , Qxua        , Qxua        , Qxua        , Qxua        
Qxua        , Qxua        , Dd          , Md          , Md          , Md          , Hd          , Hd          , Dd          , Dd          , Dd          , Rd^Esd      , Rd^Lyd|     , Dd          , Rd          , Rd          , Rd          , Rd          , Dd          , Dd          , Md          , Dd          , Rd          , Dd          , Dd          , Qxua        , Qxua        , Qxua        , Qxua        , Qxua        , Qxua        , Qxua        , Qxua        , Qxua        , Qxua        , Qxua        , Qxua        
Qxua        , Qxua        , Dd          , Md          , Md          , Md          , Md          , Dd          , Dd          , Rd          , Dd          , Rd          , Rd^Lyd|     , Rd          , Dd          , Dd          , Dd          , Dd          , Hd          , Md          , Md          , Md          , Md          , Rd          , Rd          , Dd          , Dd          , Qxua        , Qxua        , Qxua        , Qxua        , Qxua        , Qxua        , Qxua        , Qxua        , Qxua        , Qxua        
Qxua        , Qxua        , Dd          , Md          , Qxua        , Md          , Md          , Dd          , Dd          , Dd          , Dd          , Dd          , Dd          , Dd          , Dd^Dr       , Dd          , Hd          , Hd          , Hd          , Md          , Md          , Md          , Md          , Md          , Dd^Vdt      , Rd          , Rd          , Dd          , Qxua        , Qxua        , Qxua        , Qxua        , Qxua        , Qxua        , Qxua        , Qxua        , Qxua        
Qxua        , Qxua        , Qxua        , Qxua        , Dd          , Qxua        , Qxua        , Dd          , Hd          , Hd          , Qxua        , Dd^Dr       , Qxua        , Qxua        , Qxua        , Dd          , Dd^Do       , Dd          , Hd          , Md          , Md          , Md          , Md          , Md          , Dd          , Dd          , Dd          , Dd          , Qxua        , Qxua        , Qxua        , Qxua        , Qxua        , Qxua        , Qxua        , Qxua        , Qxua        
Qxua        , Qxua        , Qxua        , Qxua        , Md          , Md          , Md          , Qxua        , Qxua        , Qxua        , Qxua        , Qxua        , Qxua        , Qxua        , Qxua        , Dd          , Dd          , Dd          , Dd          , Hd          , Hd          , Hd          , Dd          , Dd          , Dd          , Rd          , Rd          , Dd          , Dd          , Qxua        , Qxua        , Qxua        , Qxua        , Qxua        , Qxua        , Qxua        , Qxua        
Qxua        , Qxua        , Qxua        , Qxua        , Md          , Md          , Md          , Dd          , Qxua        , Qxua        , Qxua        , Qxua        , 5 Dd        , Dd          , Dd          , Dd          , Dd          , Dd          , Dd          , Dd          , Dd          , Dd          , Dd          , Dd^Edpp     , Rd          , Rd          , Dd          , Dd          , Dd          , Qxua        , Qxua        , Qxua        , Qxua        , Qxua        , Qxua        , Qxua        , Qxua        
Qxua        , Qxua        , Qxua        , Qxua        , Qxua        , Qxua        , Qxua        , Qxua        , Qxua        , Dd          , Dd          , Dd          , Rd^Lyd|     , Dd          , Dd          , Rd          , Rd          , Rd          , Dd          , Rd          , Rd          , Dd^Edpp     , Rd          , Rd          , Qxua        , Qxua        , Qxua        , Rd          , Rd          , Qxua        , Qxua        , Qxua        , Qxua        , Qxua        , Qxua        , Qxua        , Qxua        
Qxua        , Qxua        , Qxua        , Qxua        , Qxua        , Qxua        , Qxua        , Qxua        , Dd          , Dd          , Dd          , Dd          , Rd^Lyd|     , Dd          , Dd          , Rd          , Dd          , Dd          , Md          , Dd          , Dd          , Dd          , Dd          , Rd          , Rd          , Qxua        , Dd          , Rd          , Dd          , Qxua        , Qxua        , Qxua        , Qxua        , Qxua        , Qxua        , Qxua        , Qxua        
Qxua        , Qxua        , Qxua        , Qxua        , Qxua        , Dd          , Md          , Dd          , Dd          , Dd^Edpp     , Dd          , Rd          , Rd^Lyd|     , Rd          , Dd          , Dd^Edpp     , Dd          , Hd          , Hd          , Md          , Md          , Dd          , Rd          , Rd          , Rd          , Rd          , Dd          , Rd          , Qxua        , Qxua        , Qxua        , Qxua        , Qxua        , Qxua        , Qxua        , Qxua        , Qxua        
Qxua        , Qxua        , Qxua        , Qxua        , Md          , Md          , Md          , Hd          , Dd          , Dd          , Dd          , Rd          , 4 Kay       , Rd          , Dd          , Dd          , Dd          , Dd          , Dd          , Dd          , Md          , Md          , Md          , Dd          , Dd          , Dd          , Qxua        , Qxua        , Qxua        , Qxua        , Qxua        , Qxua        , Dd          , Dd          , Dd          , Qxua        , Qxua        
Qxua        , Qxua        , Qxua        , Dd          , Dd          , Md          , Md          , Hd          , Dd          , Dd          , Rd          , Cay         , Cay         , Cay         , Dd          , Dd          , Dd^Edpp     , Dd          , Dd          , Dd          , Hd          , Md          , Md          , Dd          , Dd          , Qxua        , Qxua        , Qxua        , Qxua        , Qxua        , Qxua        , Dd          , Dd          , Dd^Edpp     , Dd          , Qxua        , Qxua        
Qxua        , Qxua        , Qxua        , Qxua        , Qxua        , Dd          , Dd          , Hd          , Hd          , Dd          , Dd          , Rd          , Rd          , Rd^Lyd\     , Rd^Lyd\     , Dd^Do       , Dd          , Dd          , Dd          , Hd          , Hd          , Md          , Hd          , Md          , Dd          , Dd          , Dd          , Qxua        , Qxua        , Qxua        , Qxua        , Qxua        , Qxua        , Dd          , Dd          , Qxua        , Qxua        
Qxua        , Qxua        , Qxua        , Qxua        , Qxua        , Qxua        , Qxua        , Hd          , Hd          , Dd          , Dd^Do       , Dd          , Rd          , Rd          , Dd          , Rd^Lyd\     , Rd^Lyd\     , Dd          , Rd          , Hd          , Rd          , Dd          , Dd          , Dd          , Dd          , Dd          , Dd          , Qxua        , Qxua        , Qxua        , Qxua        , Qxua        , Qxua        , Qxua        , Qxua        , Qxua        , Qxua        
Qxua        , Qxua        , Qxua        , Qxua        , Qxua        , Qxua        , Qxua        , Dd          , Dd          , Dd          , Dd          , Dd          , Dd          , Dd          , Dd          , Dd          , Rd          , Rd^Lyd\     , Rd          , Rd          , Md          , Rd          , Rd          , Dd          , Dd          , Dd          , Dd^Dr       , Dd          , Dd          , Qxua        , Qxua        , Qxua        , Qxua        , Qxua        , Qxua        , Qxua        , Qxua        
Qxua        , Qxua        , Dd          , Dd          , Dd          , Qxua        , Qxua        , Qxua        , Qxua        , Dd          , Dd          , Rd          , Rd          , Rd          , Rd          , Rd          , Rd          , Rd          , Rd          , Hd          , Hd          , Md          , Rd          , Rd          , Dd          , Dd          , Dd          , Dd          , Dd          , Qxua        , Qxua        , Qxua        , Qxua        , Qxua        , Qxua        , Qxua        , Qxua        
Qxua        , Qxua        , Qxua        , Dd          , Qxua        , Qxua        , Qxua        , Qxua        , Qxua        , Qxua        , Qxua        , Dd          , Dd          , Rd          , Dd          , Rd          , Rd^Esd      , Rd          , Dd          , Md          , Md          , Dd          , Dd          , Rd          , Rd          , Dd          , Dd          , Dd          , Dd          , Dd          , Qxua        , Qxua        , Qxua        , Qxua        , Qxua        , Qxua        , Qxua        
Qxua        , Qxua        , Qxua        , Qxua        , Qxua        , Qxua        , Qxua        , Qxua        , Qxua        , Qxua        , Md          , Md          , Md          , Dd^Edpp     , Dd          , Dd^Vda      , Rd          , Dd          , Dd^Do       , Md          , Md          , Md          , Md          , Rd          , Rd          , Dd          , Hd          , Hd          , Hd          , Dd          , Dd          , Qxua        , Qxua        , Qxua        , Qxua        , Qxua        , Qxua        
Qxua        , Qxua        , Qxua        , Qxua        , Qxua        , Qxua        , Qxua        , Qxua        , Qxua        , Md          , Md          , Md          , Md          , Rd          , Dd          , Dd          , Dd          , Rd          , Rd          , Hd          , Hd          , Md          , Md          , Md          , Rd          , Dd          , Rd          , Rd          , Dd          , Dd          , Dd          , Dd          , Qxua        , Qxua        , Qxua        , Qxua        , Qxua        
Qxua        , Qxua        , Qxua        , Qxua        , Qxua        , Qxua        , Qxua        , Qxua        , Qxua        , Qxua        , Qxua        , Md          , Rd^Dr       , Rd          , Hd          , Md          , Md          , Rd          , Dd          , Dd          , Hd          , Hd          , Hd          , Hd          , Rd          , Dd          , Dd          , Dd          , Dd          , Dd^Vda      , Dd          , Dd          , Qxua        , Qxua        , Qxua        , Qxua        , Qxua        
Qxua        , Qxua        , Qxua        , Qxua        , Qxua        , Qxua        , Qxua        , Qxua        , Dd          , Qxua        , Dd          , Dd          , Dd          , Dd          , Hd          , Md          , Hd          , Dd          , Rd          , Dd          , Dd          , Dd          , Rd          , Rd          , Dd          , Dd          , Dd^Edpp     , Dd          , Dd          , Dd          , Dd          , Dd          , Qxua        , Qxua        , Qxua        , Qxua        , Qxua        
Qxua        , Qxua        , Qxua        , Qxua        , Qxua        , Qxua        , Dd          , Dd          , Dd          , Dd          , Dd          , Dd          , Dd          , Dd          , Dd          , Hd          , Dd          , Dd          , Dd          , Dd          , Rd          , Rd          , Rd          , Dd          , Dd          , Dd          , Dd          , Dd          , Dd          , Dd          , Qxua        , Qxua        , Qxua        , Qxua        , Qxua        , Qxua        , Qxua        
Qxua        , Qxua        , Qxua        , Qxua        , Qxua        , Qxua        , Dd          , Dd          , Uu          , Uu          , Dd          , Dd          , Dd          , Dd          , Dd          , Dd          , Dd          , Dd          , Dd          , Rd          , Rd          , Rd          , Dd          , Dd          , Dd          , Dd          , Qxua        , Qxua        , Qxua        , Qxua        , Qxua        , Qxua        , Qxua        , Qxua        , Qxua        , Qxua        , Qxua        
Qxua        , Qxua        , Qxua        , Qxua        , Qxua        , Qxua        , Dd          , Uu          , Wwg         , Uu          , Uu          , Dd          , Uh          , Uh          , Uh          , Uh          , Uh          , Uh          , Uh          , Rd          , Rd          , Rd          , Dd          , Dd          , Qxua        , Qxua        , Qxua        , Qxua        , Qxua        , Qxua        , Qxua        , Qxua        , Qxua        , Qxua        , Qxua        , Qxua        , Qxua        
Qxua        , Qxua        , Qxua        , Qxua        , Qxua        , Uu          , Uu          , Dd          , Dd          , Wwg         , Uu          , Dd          , Mybd        , Wwg         , Wwg         , Wog         , Wog         , Uh          , Wwg         , Uh          , Uh          , Rd          , Uu          , Dd          , Qxua        , Qxua        , Qxua        , Qxua        , Rd          , Rd          , Rd          , Dd          , Dd          , Qxua        , Qxua        , Qxua        , Qxua        
Qxua        , Qxua        , Qxua        , Qxua        , Uu          , Uu          , Uu          , Rd          , Dd          , Uu          , Uh          , Mybd        , Mybd        , Mybd        , Wwg         , Wwg         , Wwg         , Wwg         , Wwg         , Mybd        , Rd          , Rd          , Uu          , Qxua        , Qxua        , Qxua        , Qxua        , Rb          , Rb          , Re          , Re          , Rd          , Rd          , Dd          , Dd          , Qxua        , Qxua        
Qxua        , Qxua        , Qxua        , Qxua        , Qxua        , Uu          , Uu          , Rd          , Uh          , Uh          , Urb         , Mybd        , Mybd        , Mybd        , Mybd        , Mybd        , Mybd        , Wwg         , Mybd        , Mybd        , Mybd        , Uu          , Uu          , Qxua        , Uu          , Qxua        , Qxua        , Qxua        , Qxua        , Rb          , Rb          , Re          , Rb          , Rd          , Dd          , Qxua        , Qxua        
Qxua        , Qxua        , Qxua        , Qxua        , Qxua        , Uu          , Uu          , Uu          , Urb         , Urb         , Uh          , Uh          , Uh          , Mybd        , Mybd        , Mybd        , Mybd        , Mybd        , Uh          , Mybd        , Mybd        , Uu          , Uu          , Uu          , Uu          , Uu          , Uu          , Qxua        , Uu          , Qxua        , Qxua        , Qxua        , Qxua        , Qxua        , Qxua        , Qxua        , Qxua        
Qxua        , Qxua        , Qxua        , Qxua        , Qxua        , Qxua        , Uu          , Uu          , Uh          , Urb         , Urb         , Uh          , Uh          , Mybd        , Cpy         , 2 Kpy       , Cpy         , Uh          , Uh          , Uh          , Uu          , Mybd        , Urb         , Uu^Dr       , Urb         , Uu          , Uu          , Uu          , Uu          , Uu          , Uu          , Qxua        , Qxua        , Qxua        , Qxua        , Qxua        , Qxua        
Qxua        , Qxua        , Qxua        , Qxua        , Qxua        , Qxua        , Qxua        , Uu          , Uh          , Uu^Vud      , Urb         , Uu          , Uu          , Uu          , Urb         , Cpy         , Uu          , Urb         , Urb         , Uh          , Urb         , Urb         , Uu          , Urb         , Uu          , Urb         , Urb         , Uu          , Uu          , Uh          , Uh          , Uu          , Uu          , Qxua        , Qxua        , Qxua        , Qxua        
Qxua        , Qxua        , Qxua        , Uu          , Uu          , Qxua        , Qxua        , Qxua        , Qxua        , Uh          , Uu          , Urb         , Urb         , Urb         , Uu          , Uu          , Uh          , Uu          , Uu          , Urb         , Uh          , Uu^Vud      , Uu          , Uu          , Qxua        , Uu          , Uu          , Urb         , Urb         , Uu^Vud      , Uh          , Uh          , Uh          , Uu          , Qxua        , Qxua        , Qxua        
Qxua        , Qxua        , Qxua        , Uu          , Rb          , Qxua        , Qxua        , Qxua        , Qxua        , Qxua        , Qxua        , Qxua        , Qxua        , Uu          , Qxua        , Uh          , Uh          , Uh          , Uh          , Uh          , Uh          , Uh          , Uu          , Uu          , Uu          , Uu          , Uu          , Uu          , Urb         , Urb         , Uu          , Uh          , Uu          , Uu          , Uh          , Qxua        , Qxua        
Qxua        , Qxua        , Qxua        , Rb          , Qxua        , Qxua        , Qxua        , Qxua        , Uu          , Qxua        , Qxua        , Qxua        , Qxua        , Qxua        , Qxua        , Qxua        , Uh          , Uh          , Rb^Fdy      , Uu          , Uu          , Uh          , Uu          , Uu          , Rb^Fdy      , Uu          , Uh          , Uu          , Urb         , Uu          , Re          , Uu          , Uu          , Uu          , Uh          , Uh          , Qxua        
Qxua        , Qxua        , Qxua        , Qxua        , Qxua        , Qxua        , Rb          , Uu          , Uu          , Uu          , Qxua        , Qxua        , Qxua        , Qxua        , Rb^Fdy      , Uu          , Rb^Fdy      , Rb^Fdy      , Rb          , Rb^Fdy      , Rb^Fdy      , Uu          , Uu          , Uu          , Rb^Fdy      , Rb^Fdy      , Re          , Rb          , Rb          , Rb          , Rb          , Rb          , Re          , Uh          , Qxua        , Qxua        , Qxua        
Qxua        , Qxua        , Rb          , Qxua        , Qxua        , Qxua        , Qxua        , Rb          , Qxua        , Qxua        , Qxua        , Qxua        , Rb          , Rb          , Rb          , Rb^Fdy      , Gll^Fp      , Rb^Fdy      , Rb          , Rb          , Rb          , Uh          , Uu          , Uu          , Gs          , Gll^Fp      , Re          , Re^Fetd     , Re          , Re          , Re          , Re          , Dd          , Rd          , Qxua        , Qxua        , Qxua        
Qxua        , Qxua        , Qxua        , Qxua        , Qxua        , Qxua        , Qxua        , Qxua        , Re          , Qxua        , Qxua        , Qxua        , Qxua        , Qxua        , Rb          , Gll^Fp      , Gs          , Gs          , Gs          , Rb          , Rb          , Rb          , Re          , Re          , Re          , Gd          , Re          , Re          , Re          , Rb          , Re          , Re          , Rd          , Rd          , Qxua        , Qxua        , Qxua        
Qxua        , Qxua        , Qxua        , Qxua        , Dd          , Qxua        , Dd          , Re          , Rd          , Re          , Re          , Qxua        , Re          , Re          , Gg          , Gg          , Gg          , Gg          , Gg          , Rb          , Rb          , Rb          , Qxua        , Re          , Gd          , Re          , Re          , Re          , Dd          , Re          , Dd          , Rd          , Rd          , Qxua        , Qxua        , Qxua        , Qxua        
Qxua        , Qxua        , Dd          , Qxua        , Dd          , Rd          , Re          , Re          , Re          , Re          , Gd^Fmw      , Re          , Gd^Fmw      , Gll^Fp      , Gll^Fp      , Ss^Vhs      , Ss          , Gg          , Ww          , Ww          , Ww          , Qxua        , Qxua        , Gg          , Re          , Gd          , Re          , Re          , Dd          , Dd          , Rd          , Rd          , Qxua        , Qxua        , Qxua        , Qxua        , Qxua        
Qxua        , Qxua        , Qxua        , Dd          , Rd          , Rd          , Gd          , Re          , Gd^Fmw      , Gd^Fmw      , Gd^Fmw      , Gg          , Gd^Fmw      , Gd^Fmw      , Ss          , Ss          , Ww          , Ww          , Ss          , Ss          , Ss          , Ss          , Qxua        , Qxua        , Gd^Fmw      , Re          , Re          , Rd          , Rd          , Dd          , Rd          , Dd          , Qxua        , Qxua        , Qxua        , Qxua        , Qxua        
Qxua        , Qxua        , Qxua        , Dd          , Rd          , Re          , Re          , Gd          , Gs          , Gd^Fmw      , Gg          , Gg          , Gg          , Gg          , Mm          , Ss          , Ss          , Ww          , Ww          , Gd^Fmw      , Gd^Fmw      , Ss          , Ss          , Gll^Fp      , Gll^Fp      , Gd^Fmw      , Re          , Rd          , Rd          , Dd          , Qxua        , Qxua        , Qxua        , Qxua        , Dd          , Dd          , Dd          
Qxua        , Qxua        , Qxua        , Qxua        , Dd          , Rd          , Re          , Gd          , Gs          , Gg          , Ss          , Gg          , Hh          , Mm          , Mm          , Mm          , Mm          , Ss          , 3 Kty       , Gd^Fmw      , Gd^Fmw      , Gd^Fmw      , Ss          , Ss^Vhs      , Qxua        , Re          , Re          , Re          , Re          , Rd          , Qxua        , Qxua        , Qxua        , Qxua        , Dd          , Dd          , Dd          
Qxua        , Qxua        , Qxua        , Qxua        , Dd          , Dd          , Re          , Gd          , Gs          , Ss          , Gd^Fmw      , Gll^Fp      , Hh          , Hh          , Hh          , Mm          , Hh          , Cty         , Cty         , Cty         , Rb          , Gd^Fmw      , Ss          , Rb          , Rb          , Re          , Gd^Fmw      , Re          , Re          , Rd          , Qxua        , Qxua        , Qxua        , Qxua        , Dd          , Dd          , Dd          
Qxua        , Qxua        , Dd          , Dd          , Rd          , Rd          , Re          , Gs          , Rb          , Rb          , Gd^Fmw      , Gs^Vc       , Hhd^Fmw     , Hh          , Rb          , Hh          , Rb          , Hh          , Hh          , Hh          , Ss          , Ss          , Ss          , Rb          , Rb          , Gd^Fmw      , Gd^Fmw      , Gd^Fmw      , Re          , Rd          , Rd          , Qxua        , Qxua        , Qxua        , Qxua        , Dd          , Dd          
Qxua        , Qxua        , Dd          , Dd          , Rd          , Re          , Gd          , Gs          , Rb          , Rb          , Rb          , Gd^Fmw      , Gd^Fmw      , Hhd^Fmw     , Rb          , Gd^Fmw      , Rb          , Rb          , Ss          , Ss          , Rb          , Ss          , Rb          , Rb          , Rb          , Rb          , Re          , Re          , Re          , Dd          , Dd          , Qxua        , Qxua        , Qxua        , Qxua        , Qxua        , Qxua        
Qxua        , Qxua        , Dd          , Dd          , Rd          , Re          , Gd          , Gs          , Gs          , Rb          , Rb          , Rb          , Rb          , Rb          , Rb          , Rb          , Rb          , Ss          , Ss          , Ss          , Re          , Rb          , Re          , Rb          , Rb          , Rb          , Re          , Re          , Re          , Rd          , Dd          , Qxua        , Qxua        , Qxua        , Qxua        , Qxua        , Qxua        
Qxua        , Qxua        , Qxua        , Dd          , Dd          , Rd          , Re          , Gd          , Gs          , Rb          , Rb          , Rb          , Rb          , Gd^Fmw      , Gd^Fmw      , Rb          , Re          , Re          , Re          , Re          , Re          , Re          , Re          , Re          , Re          , Re          , Re          , Re          , Re          , Rd          , Dd          , Dd          , Dd          , Qxua        , Qxua        , Qxua        , Qxua        
Qxua        , Qxua        , Dd          , Dd          , Rd          , Rd          , Rd          , Re          , Re          , Gs          , Re          , Re          , Re          , Gd^Fmw      , Gd^Fmw      , Gd^Fmw      , Re          , Re          , Rd          , Re          , Re          , Re          , Rd          , Re          , Rd          , Rd          , Rd          , Re          , Rd          , Rd          , Rd          , Rd          , Rd          , Dd          , Dd          , Qxua        , Qxua        
Qxua        , Qxua        , Qxua        , Qxua        , Rd          , Rd          , Rd          , Rd          , Rd          , Re          , Re          , Re          , Re          , Re          , Re          , Re          , Re          , Rd          , Rd          , Rd          , Rd          , Rd          , Rd          , Rd          , Rd          , Rd          , Dd          , Rd          , Rd          , Rd          , Rd          , Rd          , Dd          , Rd          , Dd          , Qxua        , Qxua        
Dd          , Dd          , Dd          , Qxua        , Qxua        , Dd          , Dd          , Dd          , Dd          , Rd          , Rd          , Re          , Rd          , Rd          , Rd          , Re          , Rd          , Rd          , Rd          , Rd          , Rd          , Rd          , Rd          , Re          , Rd          , Dd          , Dd          , Dd          , Dd          , Rd          , Dd          , Rd          , Rd          , Rd          , Qxua        , Qxua        , Qxua        
Dd          , Dd          , Dd          , Qxua        , Dd          , Dd          , Dd          , Dd          , Dd          , Dd          , Rd          , Rd          , Dd          , Rd          , Dd          , Rd          , Dd^Vdt      , Rd          , Cdr         , 1 Kdr       , Cdr         , Rd          , Rd          , Rd          , Rd          , Rd          , Rd          , Dd          , Rd          , Dd          , Dd          , Rd          , Dd          , Dd          , Qxua        , Qxua        , Qxua        
Qxua        , Dd          , Qxua        , Qxua        , Dd          , Dd          , Dd          , Dd          , Qxua        , Rd          , Rd          , Dd          , Dd          , Dd          , Dd          , Dd          , Dd          , Dd          , Qxua        , Qxua        , Qxua        , Kdr         , Qxua        , Qxua        , Dd          , Qxua        , Qxua        , Dd          , Dd          , Dd          , Dd          , Qxua        , Qxua        , Qxua        , Qxua        , Qxua        , Qxua        
Qxua        , Qxua        , Qxua        , Dd          , Qxua        , Qxua        , Qxua        , Qxua        , Qxua        , Qxua        , Qxua        , Rd          , Qxua        , Qxua        , Dd          , Qxua        , Qxua        , Qxua        , Qxua        , Qxua        , Qxua        , Qxua        , Qxua        , Qxua        , Qxua        , Dd          , Qxua        , Dd          , Dd          , Dd          , Qxua        , Qxua        , Qxua        , Qxua        , Qxua        , Qxua        , Qxua        
Qxua        , Qxua        , Qxua        , Qxua        , Qxua        , Qxua        , Qxua        , Qxua        , Qxua        , Qxua        , Qxua        , Qxua        , Qxua        , Dd          , Qxua        , Qxua        , Qxua        , Qxua        , Qxua        , Qxua        , Qxua        , Qxua        , Qxua        , Qxua        , Qxua        , Qxua        , Qxua        , Qxua        , Qxua        , Qxua        , Qxua        , Qxua        , Qxua        , Qxua        , Qxua        , Qxua        , Qxua        
Qxua        , Qxua        , Qxua        , Qxua        , Qxua        , Qxua        , Qxua        , Qxua        , Qxua        , Qxua        , Qxua        , Qxua        , Qxua        , Qxua        , Qxua        , Qxua        , Qxua        , Qxua        , Qxua        , Qxua        , Qxua        , Qxua        , Qxua        , Qxua        , Qxua        , Qxua        , Qxua        , Qxua        , Qxua        , Qxua        , Qxua        , Qxua        , Qxua        , Qxua        , Qxua        , Qxua        , Qxua        
