border_size=1
usage=map

Wwg         , Wwg         , Wwg         , Wwg         , Uu          , Uu          , Uu          , Xu          , Xu          , Xu          , Xu          , Xu          , Xu          , Uu          , Uu          , Uu          , Uu          , Uu          , Uu          , Uu          , Uu          , Uu          , Uu          , Uu          , Uu          , Uu          , Uu          , Uu          , Uu          , Xu          , Xu          , Xu          , Xu          , Xu          , Xu          , Xu          , Xu          , Xu          , Xu          , Xu          , Xu          , Xu          , Xu          , Xu          , Xu          , Xu          , Xu          
Wwg         , Wwg         , Wwg         , Uu          , Uu          , Uu          , Uu          , Xu          , Xu          , Xu          , Xu          , Xu          , Xu          , Uu          , Uu          , Uu          , Uu          , Uu          , Uu          , Uu          , Cty         , Cty         , Cty         , Uu          , Uu          , Uu          , Uu          , Uu          , Uu          , Xu          , Xu          , Xu          , Xu          , Xu          , Xu          , Xu          , Xu          , Xu          , Xu          , Xu          , Xu          , Xu          , Xu          , Xu          , Xu          , Xu          , Xu          
Wwg         , Wwg         , Uu          , Uu          , Uu^Uf       , Uu          , Uu          , Uu          , Xu          , Xu          , Xu          , Xu          , Xu          , Xu          , Uu          , Uu          , Uu          , Uu          , Uu          , Cty         , Cty         , 2 Kty       , Cty         , Cty         , Uu          , Uu          , Uu          , Uu          , Uu          , Uu          , Xu          , Xu          , Xu          , Xu          , Xu          , Xu          , Xu          , Xu          , Xu          , Xu          , Xu          , Xu          , Xu          , Xu          , Xu          , Xu          , Xu          
Wwg         , Wwg         , Uu          , Uu          , Uu          , Uu          , Uu          , Uu          , Xu          , Xu          , Xu          , Xu          , Xu          , Xu          , Uu          , Uu          , Uu          , Uu          , Uu          , Uu          , Uu          , Cty         , Uu          , Uu          , Uu          , Uu          , Uu          , Uu          , Xu          , Xu          , Xu          , Xu          , Xu          , Xu          , Wwg         , Wwg         , Wwg         , Xu          , Xu          , Xu          , Xu          , Xu          , Xu          , Xu          , Xu          , Xu          , Xu          
Wwg         , Uu          , Uu^Uf       , Uu^Uf       , Uu^Uf       , Uu          , Uu          , Uu          , Uu          , Xu          , Xu          , Xu          , Xu          , Xu          , Xu          , Uu          , Uu          , Wwg         , Wwg         , Uu          , Uu          , Uu          , Uu          , Uu          , Uu          , Uu          , Xu          , Xu          , Xu          , Xu          , Xu          , Xu          , Wwg         , Wwg         , Wwg         , Wwg         , Wwg         , Rb          , Uu          , Xu          , Xu          , Xu          , Xu          , Xu          , Xu          , Xu          , Xu          
Wwg         , Uu          , Uu          , Uu^Uf       , Uu          , Uu          , Wwg         , Wwg         , Uu          , Uu          , Uu          , Xu          , Xu          , Xu          , Xu          , Uu          , Uu          , Uu          , Wwg         , Uu          , Uu          , Uu          , Uu          , Wwg         , Wwg         , Uu          , Xu          , Xu          , Xu          , Xu          , Wwg         , Wwg         , Wwg         , Wwg         , Wwg         , Wwg         , Wwg         , Ur          , Ur          , Uu          , Uu          , Xu          , Xu          , Xu          , Xu          , Xu          , Xu          
Wwg         , Wwg         , Uu          , Uu          , Uu          , Uu          , Wwg         , Wwg         , Uu          , Uu          , Uu          , Xu          , Xu          , Xu          , Uu          , Uu          , Uu          , Uu          , Wwg         , Uu^Vu       , Uu          , Uu          , Uu          , Wwg         , Wwg         , Uu          , Uu          , Xu          , Xu          , Xu          , Rb          , Wwg         , Wwg         , Wwg         , Wwg         , Wwg         , Wwg         , Ur          , Uu          , Ur          , Uu          , Xu          , Xu          , Xu          , Xu          , Xu          , Xu          
Wwg         , Wwg         , Wwg         , Uu          , Uu          , Uu          , Uu          , Uu          , Uu          , Uu          , Uu          , Uu          , Uu          , Uu          , Uu          , Uu          , Uu          , Uu          , Wwg         , Wwg         , Wwg         , Uu          , Wwg         , Wwg         , Uu          , Uu          , Uu          , Uu          , Uu          , Uu          , Uu          , Wwg         , Wwg         , Wwg         , Uu          , Wwg         , Wwg         , Uu          , Uu          , Ur          , Ur          , Uu          , Uu          , Xu          , Xu          , Xu          , Xu          
Wwg         , Wwg         , Wwg         , Wwg         , Uu          , Uu^Uf       , Uu          , Wwg         , Wwg         , Uu          , Uu          , Uu          , Rb          , Uu          , Uu          , Uu          , Uu          , Uu          , Wwg         , Wwg         , Wwg         , Uu          , Wwg         , Wwg         , Wwg         , Uu          , Uu          , Uu          , Wwg         , Uu          , Uu          , Uu          , Wwg         , Wwg         , Uu          , Wwg         , Wwg         , Uu          , Uu          , Uu          , Uu          , Ur          , Ur          , Uu          , Uu          , Xu          , Xu          
Wwg         , Wwg         , Wwg         , Wwg         , Wwg         , Uu          , Uu          , Wwg         , Wwg         , Wwg         , Uu          , Uu          , Rb          , Rb          , Uu          , Uu^Uf       , Uu          , Wwg         , Wwg         , Uu          , Uu          , Wwg         , Wwg         , Rb          , Rb          , Wwg         , Uu          , Wwg         , Wwg         , Wwg         , Ur          , Ur          , Ur          , Uu          , Wwg         , Wwg         , Uu^Vu       , Uu          , Uu          , Uu          , Uu          , Uu          , Uu          , Ur          , Uu          , Xu          , Xu          
Wwg         , Wwg         , Wwg         , Wwg         , Wwg         , Uu          , Uu          , Uu          , Uu          , Wwg         , Uu          , Uu^Uf       , Uu^Uf       , Uu^Uf       , Uu          , Uu          , Uu          , Wwg         , Wwg         , Wwg         , Wwg         , Wwg         , Uu          , Wwg         , Wwg         , Wwg         , Wwg         , Uu          , Uu          , Wwg         , Uu          , Uu^Uf       , Uu^Uf       , Ur          , Wwg         , Wwg         , Wwg         , Wwg         , Wwg         , Uu          , Uu          , Uu          , Uu          , Ur          , Ur          , Uu          , Uu          
Wwg         , Wwg         , Uu          , Wwg         , Wwg         , Wwg         , Uu          , Uu          , Uu          , Uu          , Uu          , Uu^Uf       , Uu^Uf       , Uu          , Uu          , Uu          , Wwg         , Wwg         , Wwg         , Wwg         , Wwg         , Uu          , Rb          , Uu          , Wwg         , Uu^Vu       , Wwg         , Wwg         , Wwg         , Wwg         , Wwg         , Uu          , Uu          , Ur          , Uu          , Wwg         , Uu          , Wwg         , Wwg         , Wwg         , Wwg         , Uu          , Uu          , Uu          , Uu          , Ur          , Ur          
Wwg         , Uu          , Uu^Uf       , Uu^Uf       , Ur          , Uu          , Ur          , Uu^Uf       , Uu^Uf       , Uu          , Uu          , Uu          , Uu          , Uu          , Wwg         , Wwg         , Wwg         , Wwg         , Wwg         , Wwg         , Uu          , Uu          , Rb          , Uu^Uf       , Uu          , Wwg         , Wwg         , Uu^Uf       , Uu          , Wwg         , Wwg         , Wwg         , Uu          , Ur          , Uu          , Uu          , Uu          , Uu          , Wwg         , Wwg         , Wwg         , Wwg         , Wwg         , Uu          , Uu          , Uu          , Uu          
Uu          , Uu          , Ur          , Uu^Uf       , Ur          , Uu          , Ur          , Uu^Uf       , Ur          , Uu          , Uu          , Wwg         , Wwg         , Wwg         , Wwg         , Wwg         , Wwg         , Wwg         , Wwg         , Uu          , Uu          , Uu          , Uu          , Rb          , Uu          , Wwg         , Wwg         , Wwg         , Uu          , Uu          , Uu          , Wwg         , Uu          , Uu          , Uu^Uf       , Uu          , Uu          , Uu          , Uu          , Wwg         , Wwg         , Wwg         , Wwg         , Wwg         , Uu          , Uu          , Uu          
Uu          , Uu          , Uu          , Ur          , Uu^Uf       , Uu          , Uu          , Ur          , Uu          , Uu          , Wwg         , Wwg         , Wwg         , Wwg         , Wwg         , Wwg         , Wwg         , Wwg         , Uu          , Uu          , Uu          , Uu          , Uu          , Uu          , Uu          , Uu          , Uu          , Wwg         , Wwg         , Uu          , Uu          , Uu          , Uu          , Uu^Uf       , Uu^Uf       , Uu^Uf       , Uu^Uf       , Uu          , Uu          , Uu          , 4 Uu        , Uu          , Uu          , Wwg         , Wwg         , Uu          , Uu          
Uu          , Uu          , Uu          , Ur          , Ur          , Uu          , Ur          , Uu          , Uu          , Uu          , Uu          , Wwg         , Wwg         , Wwg         , Ss^Vhs      , Wwg         , Wwg         , Uu          , Ur          , Ur          , Ur          , Ur          , Uu          , Uu          , Uu          , Uu          , Uu          , Wwg         , Wwg         , Wwg         , Uu          , Uu          , Ur          , Uu^Uf       , Uu^Uf       , Uu^Uf       , Uu^Uf       , Uu          , Uu          , Uu          , Uu          , Uu          , Uu          , Wwg         , Wwg         , Uu          , Uu          
Uu          , Uu          , Uu          , Uu          , Ur          , Ur          , Ur          , Uu          , Uu          , Uu          , Uu          , Uu          , Uh          , Wwg         , Wwg         , Wwg         , Wwg         , Uu          , Ur          , Uu^Uf       , Uu^Uf       , Ur          , Ur          , Uu          , Ur          , Ur          , Ur          , Uu          , Uu          , Wwg         , Uu          , Ur          , Ur          , Ur          , Ur          , Uu^Uf       , Uu^Uf       , Uu          , Uu          , Uu^Uf       , Uu          , Uu          , Uu          , Wwg         , Wwg         , Uu          , Uu          
Uu          , Uu          , Ur          , Ur          , Uu^Uf       , Uu^Uf       , Uu^Uf       , Ur          , Uu          , Uu          , Uu          , Ur          , Uu          , Wwg         , Wwg         , Wwg         , Wwg         , Uu          , Ur          , Uu^Uf       , Ur          , Ur          , Ur          , Ur          , Uu^Uf       , Uu^Uf       , Ur          , Uu          , Wwg         , Wwg         , Ur          , Ur          , Uu^Uf       , Uu^Uf       , Uu^Uf       , Ur          , Uu          , Uu          , Uu          , Uu          , Uu          , Uu          , Uu          , Uu          , Wwg         , Wwg         , Wwg         
Uu          , Uu          , Ur          , Uu^Uf       , Uu^Uf       , Uu^Uf       , Uu^Uf       , Uu^Uf       , Ur          , Ur          , Ur          , Uu          , Uu          , Wwg         , Uu          , Wwg         , Wwg         , Uu          , Uu          , Ur          , Uu          , Ur          , Uu          , Ur          , Ur          , Ur          , Ur          , Uu          , Wwg         , Uu          , Uu          , Ur          , Uu^Uf       , Uu^Uf       , Ur          , Ur          , Uu          , Uu          , Uu          , Uu          , Uu^Uf       , Uu          , Uu          , Uu          , Uu          , Wwg         , Wwg         
Uu          , Uu          , Uu          , Ur          , Uu          , Ur          , Ur          , Uu          , Ur          , Ur          , Ur          , Uu          , Uu          , Uu          , Uu          , Uu          , Uu          , Wwg         , Uu          , Uu          , Uu          , Uu          , Uu          , Ur          , Uu          , Ur          , Uu          , Wwg         , Uu          , Uu          , Ur          , Ur          , Ur          , Uu^Uf       , Ur          , Ur          , Uu          , Uu          , Ur          , Ur          , Ur          , Ur          , Ur          , Uu          , Uu          , Uu          , Uu          
Uu          , Uu          , Uu          , Uu          , Uu          , Uu          , Ur          , Ur          , Uu          , Ur          , Ur          , Ur          , Uu          , Uu          , Uu          , Uu          , Uu          , Uu          , Uu          , Uu          , Uu          , Uu          , 3 Uu        , Uu          , Ur          , Ur          , Ur          , Uu          , Ur          , Uu          , Uu          , Uu          , Uu^Uf       , Ur          , Uu          , Uu          , Uu          , Ur          , Ur          , Uu^Uf       , Uu^Uf       , Ur          , Ur          , Uu          , Uu          , Uu          , Uu          
Uu          , Uu          , Uu          , Uu          , Ur          , Ur          , Uu^Uf       , Ur          , Ur          , Ur          , Ur          , Ur          , Ur          , Rb          , Rb          , Uu          , Uu          , Uu          , Uu          , Uu          , Uu          , Uu          , Ur          , Ur          , Ur          , Ur          , Ur          , Ur          , Ur          , Ur          , Ur          , Ur          , Ur          , Uu          , Uu          , Uu          , Uu          , Ur          , Uu^Uf       , Uu^Uf       , Uu          , Ur          , Uu          , Uu          , Uu          , Uu          , Uu          
Uu          , Uu          , Uu          , Ur          , Uu^Uf       , Uu^Uf       , Uu^Uf       , Uu^Uf       , Ur          , Uu          , Ur          , Ur          , Ur          , Rb          , Ur          , Ur          , Ur          , Uh          , Ur          , Uu          , Uu          , Ur          , Ur          , Ur          , Ur          , Ur          , Ur          , Ur          , Ur          , Ur          , Ur          , Ur          , Ur          , Uu          , Uh          , Uu          , Uu^Uf       , Uu          , Uu          , Uu          , Uu          , Uu          , Uu          , Uu          , Uu          , Uu          , Uu          
Uu          , Uu          , Uu          , Uu^Uf       , Uu^Uf       , Uu^Uf       , Ur          , Ur          , Uu          , Uu          , Uu          , Ur          , Ur          , Ur          , Ur          , Ur          , Ur          , Ur          , Uu          , Uu          , Uu          , Ur          , Ur          , Ur          , Ur          , Ur          , Ur          , Ur          , Ur          , Ur          , Ur          , Ur          , Rb          , Ur          , Uh          , Uh          , Uh          , Uu          , Uu          , Rb          , Rb          , Uu          , Ur          , Uu^Vu       , Rb          , Uu          , Uu          
Uu          , Uu          , Uu          , Uu^Uf       , Uu          , Ur          , Uu          , Uu          , Uu          , Uu          , Uu          , Ur          , Ur          , Ur          , Ur          , Ur          , Ur          , Uu          , Uu          , Uu          , Ur          , Ur          , Ur          , Ur          , Ur          , Ur          , Ur          , Ur          , Ur          , Ur          , Ur          , Ur          , Ur          , Ur          , Uu^Uf       , Uh          , Uh          , Ur          , Ur          , Uu          , Uu          , Uu          , Uu          , Ur          , Uu          , Uu          , Uu          
Uu          , Uu          , Uu          , Uu          , Ur          , Ur          , Ur          , Uu          , Uu          , Uu          , Uu          , Ur          , Ur          , Ur          , Ur          , Ur          , Ur          , Uu          , Uu          , Ur          , Ur          , Ur          , Ur          , Ur          , Ur          , Ur          , Ur          , Ur          , Ur          , Ur          , Ur          , Ur          , Ur          , Rb          , Uu          , Ur          , Ur          , Ur          , Uu          , Uu          , Ur          , Uu          , Uu          , Uu          , Uu          , Uu          , Uu          
Uu          , Uu^Uf       , Uu          , Ur          , Ur          , Uu^Uf       , Uu^Uf       , Ur          , Ur          , Uu          , Uu          , Ur          , Ur          , Ur          , Ur          , Ur          , Uu          , Uu          , Uu          , Uu          , Uu          , Ur          , Ur          , Ur          , Ur          , Ur          , Ur          , Ur          , Ur          , Ur          , Uu          , Ur          , Uu          , Uu          , Uu          , Uu          , Uu          , Uu          , Uu^Uf       , Uu^Uf       , Uu^Uf       , Ur          , Ur          , Uu          , Uu          , Uu          , Uu          
Uu          , Uu          , Uu          , Uu          , Ur          , Uu^Uf       , Uu^Uf       , Uu^Uf       , Ur          , Ur          , Ur          , Ur          , Ur          , Ur          , Ur          , Ur          , Uu          , Uu          , Uu          , Rb          , Uu          , Uu          , Uu          , Ur          , Ur          , Ur          , Ur          , Ur          , Uu          , Uu          , Uu          , Uu          , Uu          , Uu          , Uu          , Uu          , Ur          , Ur          , Ur          , Ur          , Ur          , Ur          , Uu          , Uu          , Uu          , Uu          , Uu          
Uu          , Uu          , Uu          , Uu          , Uu^Uf       , Uu^Uf       , Uu^Uf       , Ur          , Uu          , Uu          , Ur          , Ur          , Ur          , Ur          , Ur          , Uu          , Uu          , Uu          , Re^Vct      , Uu          , Uu          , Uu          , Urb         , Uu          , Uu          , Uu          , Uu          , Uu          , Uu          , Uu          , Uu          , Uu          , Ur          , Ur          , Ur          , Ur          , Uu          , Ur          , Uu^Uf       , Ur          , Uu          , Ur          , Uu          , Uu          , Uu          , Uu          , Uu          
Uh          , Uu          , Uu          , Uu          , Uu          , Uu^Uf       , Uu          , Uu          , Uu          , Uu          , Uu          , Uu          , Uu          , Ur          , Ur          , Uu          , Uu          , Uu          , Urb         , Urb         , Uu          , Urb         , 1 Ke        , Ce          , Urb         , Urb         , Uu          , Uu          , Uu          , Uu          , Ur          , Ur          , Uu^Uf       , Ur          , Ur          , Uu          , Uu          , Ur          , Uu^Uf       , Uu^Uf       , Uu          , Uu          , Uu          , Uu          , Uu          , Uu          , Uu          
Uh          , Uh          , Uu          , Uu          , Uu          , Uu^Uf       , Uu          , Uu          , Uu          , Uu          , Uu          , Uu          , Uu          , Uu          , Ur          , Uu          , Uu          , Uu          , Urb         , Urb         , Urb         , Ce          , Ce          , Urb         , Urb         , Uu          , Re^Vct      , Uu          , Uu          , Uu          , Ur          , Uu^Uf       , Uu^Uf       , Uu^Uf       , Uu^Uf       , Ur          , Uu          , Ur          , Uu          , Uu          , Uu          , Uu          , Rb          , Uu          , Uu          , Uu          , Uu          
Uh          , Uh          , Uu          , Uu          , Uu          , Uu          , Uu          , Uu          , Uu          , Uu          , Uu^Uf       , Uu^Uf       , Uu^Uf       , Uu          , Uu          , Uu          , Uu          , Uu          , Uu          , Urb         , Uu          , Uu          , Uu          , Urb         , Uu          , Uu          , Urb         , Urb         , Uu          , Uu          , Uu          , Ur          , Ur          , Uu^Uf       , Uu^Uf       , Uu^Uf       , Uu^Uf       , Uu          , Uu          , Uu          , Uu          , Rb          , Rb          , Rb          , Uu          , Uu          , Uu          
Uh          , Uh          , Uh          , Uu          , Uu          , Uu          , Uu          , Uu          , Uu          , Uu          , Uu          , Uu^Uf       , Uu^Uf       , Uu^Uf       , Uu^Uf       , Uu          , Rb          , Uu          , Uu          , Uu          , Re^Vct      , Uu          , Uu          , Uu          , Urb         , Urb         , Uu          , Uu          , Uu          , Uu          , Uu          , Uu          , Uu^Uf       , Uu^Uf       , Uu^Uf       , Uu^Uf       , Uu^Uf       , Uu          , Uu          , Uu          , Uu          , Uu          , Uu          , Rb          , Uu          , Uu          , Uu          
Hh          , Uh          , Uh          , Uh          , Uu          , Uu          , Uu          , Uu          , Rb          , Uu          , Uu          , Uu          , Uu          , Uu          , Uu          , Uu          , Uu          , Uu          , Uu          , Uu          , Uu          , Urb         , Uu          , Uu          , Uu          , Uu          , Uu          , Uu          , Uu          , Uu          , Uu          , Uu          , Uu          , Uu^Uf       , Uu^Uf       , Uu^Uf       , Uu^Uf       , Uu          , Uu          , Uu^Uf       , Uu^Uf       , Uu          , Uu          , Rb          , Uu          , Uu          , Uu          
Hh          , Hh          , Hh          , Uh          , Uu          , Uu          , Uu          , Uu          , Rb          , Rb          , Rb          , Uu          , Uu          , Uu          , Uu          , Uu          , Uu          , Uu          , Uu          , Uu          , Uu          , Uu          , Uu          , Rb          , Uu          , Uu          , Uu^Uf       , Uu          , Uu          , Uu          , Uu          , Uu          , Uu          , Uu          , Uu          , Uu^Uf       , Uu          , Uu          , Uu          , Uu^Uf       , Uu          , Uu^Uf       , Uu          , Uu          , Uu          , Uu          , Uu          
Hh          , Hh          , Hh          , Hh          , Gg^Eff      , Uu          , Uu          , Uu          , Uu          , Rb          , Rb          , Rb          , Rb          , Uu          , Uu          , Uu          , Uu          , Uu          , Uu          , Uu          , Uu          , Uu          , Uu          , Uu          , Rb          , Uu^Uf       , Uu^Uf       , Uu^Uf       , Uu^Uf       , Uu          , Uu^Uf       , Uu          , Uu          , Rb          , Rb          , Uu          , Uu          , Uu          , Uu          , Uu          , Uu          , Uu          , Uu          , Uu          , Uu          , Uu          , Uu          
Gs          , Gs          , Gs          , Gs          , Gs          , Gg^Eff      , Gg^Eff      , Uu          , Uu          , Uu          , Uu          , Uu          , Uu          , Uu          , Uu          , Rb          , Uu          , Uu          , Rb          , Uu          , Uu          , Uu          , Uu^Uf       , Uu^Uf       , Uu^Uf       , Uu^Uf       , Uh          , Uh          , Uh          , Uu^Uf       , Uh          , Uu^Uf       , Uu^Uf       , Uu          , Uu          , Uu          , Uu          , Uu          , Uu          , Rb          , Rb          , Rb          , Uu          , Uu          , Rb          , Uu          , Uu          
Gs          , Gd^Vhr      , Rp          , Gs          , Gg          , Gg          , Gg          , Rb          , Rb          , Uu          , Uu          , Uu          , Uu          , Uu          , Uu          , Uu          , Uu          , Uu          , Uu          , Uu          , Uu          , Uu          , Uu^Uf       , Uu^Uf       , Uh          , Uu^Uf       , Uh          , Uh          , Uh          , Uh          , Uh          , Uh          , Uu^Uf       , Uu          , Uu          , Uu          , Ur          , Uu          , Uu          , Uu          , Uu          , Uu          , Uu          , Rb          , Rb          , Rb          , Rb          
Gs          , Rp          , Rp          , Rp          , Chr         , Gg          , Gg          , Gg          , Gg          , Gg^Eff      , Gg^Eff      , Uu          , Uu          , Uu          , Uu^Uf       , Uu          , Uu^Uf       , Uu          , Uu          , Uu          , Uu          , Uu          , Uu^Uf       , Uu^Uf       , Uh          , Uh          , Uh          , Uh          , Uh          , Uh          , Uh          , Uh          , Uh          , Uu^Uf       , Uu^Uf       , Uu          , Uu          , Uu          , Uu          , Uu          , Uu          , Uu          , Uu          , Uu          , Uu          , Rb          , Rb          
Gg          , Rp          , Rp          , Chr         , Khr         , Chr         , Rp          , Gg          , Gg          , Gg          , Gg          , Gg^Eff      , Gg^Eff      , Uu          , Uu^Uf       , Uu^Uf       , Uu^Uf       , Uu^Uf       , Uu^Uf       , Uu          , Uu          , Uu          , Uu^Uf       , Uu^Uf       , Uu^Uf       , Uh          , Uh          , Uh          , Uh          , Uh          , Uh          , Uh          , Uh          , Uh          , Uu^Uf       , Uu          , Ur          , Ur          , Uu          , Uu^Uf       , Uu^Uf       , Uu^Uf       , Uu^Uf       , Uu          , Uu          , Uu          , Rb          
Gg          , Gg          , Gg          , Chr         , Chr         , Chr         , Rp          , Rp          , Rp^Es       , Gg          , Gg          , Gg          , Gg          , Gll^Fp      , Gll^Fp      , Gll^Fp      , Gll^Fp      , Gll^Fp      , Uu^Uf       , Uu^Uf       , Uu^Uf       , Uu          , Ur          , Uu^Uf       , Uu^Uf       , Uu^Uf       , Uh          , Uh          , Uh          , Uh          , Uh          , Uh          , Uu^Uf       , Uh          , Uu^Uf       , Uu          , Uu          , Uh          , Uh          , Uh          , Uh          , Uu^Uf       , Uu^Uf       , Uu          , Uu          , Uu          , Uu          
Gg          , Gg          , Gg          , Gg          , Gg          , Rp          , Gg          , Rp          , Rp          , Gg          , Gg          , Gg          , Gg          , Gll^Fp      , Hh^Fp       , Gll^Fp      , Hh^Fp       , Gll^Fp      , Gll^Fp      , Uu^Uf       , Uu^Uf       , Uu          , Uu          , Uu^Uf       , Uu^Uf       , Uu^Uf       , Uu^Uf       , Uh          , Uh          , Uh          , Uh          , Uh          , Uu^Uf       , Uu^Uf       , Ur          , Uu^Uf       , Uu^Uf       , Uh          , Uh          , Uh          , Uh          , Uh          , Uh          , Uu^Uf       , Uu          , Uu          , Uu          
Hh          , Gg          , Gg          , Gg          , Gg          , Gg          , Gs          , Rp          , Rp^Vhcr     , Gg          , Gg          , Gg          , Gg          , Gll^Fp      , Hh^Fp       , Hh^Fp       , Hh^Fp       , Hh^Fp       , Gll^Fp      , Uu^Uf       , Uu^Uf       , Uu^Uf       , Uu^Uf       , Uu          , Ur          , Uu^Uf       , Uu^Uf       , Uu^Uf       , Uu^Uf       , Uh          , Uh          , Uh          , Uu^Uf       , Uu          , Uu          , Ur          , Uu^Uf       , Uu^Uf       , Ur          , Uh          , Uh          , Uh          , Ur          , Uu          , Uu          , Uu          , Uu          
Hh          , Gg          , Gg          , Gg          , Hh          , Gg          , Gs          , Gs          , Gg          , Gg          , Hh          , Hh          , Hh          , Hh^Fp       , Hh^Fp       , Hh^Fp       , Hh^Fp       , Hh^Fp       , Hh^Fp       , Gll^Fp      , Gll^Fp      , Uu^Uf       , Uu          , Uu          , Ur          , Ur          , Ur          , Uu^Uf       , Ur          , Uu^Uf       , Uu^Uf       , Uu^Uf       , Uu^Uf       , Uu          , Uu          , Uu          , Uu          , Uu          , Uu          , Uu^Vu       , Ur          , Ur          , Uu^Uf       , Uu          , Uu^Vu       , Uu          , Uu          
Hh          , Hh          , Hh          , Hh          , Hh          , Gg          , Gg          , Gg          , Hh          , Hh          , Hh          , Hh          , Hh          , Hh          , Hh          , Hh^Fp       , Hh^Fp       , Hh^Fp       , Gll^Fp      , Gll^Fp      , Uu          , Uu          , Uu          , Ur          , Uu^Vu       , Ur          , Uu          , Uu          , Uu          , Ur          , Ur          , Uu^Uf       , Uu^Uf       , Uu          , Uu          , Uh          , Uh          , Uu          , Uu^Uf       , Uu          , Uu^Uf       , Uu          , Uu^Uf       , Uu          , Ur          , Ur          , Uu          
Hh          , Hh          , Hh          , Hh          , Hh          , Gg          , Gg          , Gg          , Hh          , Hh          , Mm          , Mm          , Mm          , Hh          , Hh          , Hh          , Hh          , Hh          , Hh          , Uu          , Uu          , Uu          , Ur          , Ur          , Ur          , Ur          , Hh          , Uu          , Uu          , Uu          , Ur          , Ur          , Uu          , Uu          , Uh          , Uh          , Uh          , Uh          , Uh          , Uu^Uf       , Uh          , Uu^Uf       , Uu^Uf       , Uu          , Uu          , Uu          , Uu          
Hh          , Hh          , Hh          , Hh          , Hh          , Hh          , Hh          , Hh          , Hh          , Mm          , Mm          , Mm          , Mm          , Mm          , Hh          , Hh          , Hh          , Hh          , Uu          , Uu          , Uu          , Ur          , Ur          , Ur          , Hh          , Hh          , Hh          , Hh          , Hh          , Uu          , Uu          , Uu          , Uh          , Uh          , Uh          , Uh          , Uh          , Uh          , Uh          , Uh          , Uh          , Uh          , Uh          , Uh          , Uu          , Uu          , Uu          
